<html>
<body>
<pre>
<h1>µVision Build Log</h1>
<h2>Tool Versions:</h2>
IDE-Version: ¦ÌVision V5.15
Copyright (C) 2015 ARM Ltd and ARM Germany GmbH. All rights reserved.
License Information:  ,  , LIC=BL2X7-E7J5L-BVB1G-VMDP3-FB8KW-N8E26
 
Tool Versions:
Toolchain:       MDK-ARM Professional  Version: 5.15.0
Toolchain Path:  E:\KEIL  5\keil_v5\ARM\ARMCC\Bin
C Compiler:      Armcc.exe V5.05 update 2 (build 169)
Assembler:       Armasm.exe V5.05 update 2 (build 169)
Linker/Locator:  ArmLink.exe V5.05 update 2 (build 169)
Library Manager: ArmAr.exe V5.05 update 2 (build 169)
Hex Converter:   FromElf.exe V5.05 update 2 (build 169)
CPU DLL:         SARMCM3.DLL V5.15.0
Dialog DLL:      DCM.DLL V1.13.2.0
Target DLL:      UL2CM3.DLL V1.155.8.0
Dialog DLL:      TCM.DLL V1.14.5.0
 
<h2>Project:</h2>
D:\MCU_Program\STM32\KS\KS\PROJECT\KS.uvprojx
Project File Date:  12/27/2017

<h2>Output:</h2>
*** Using Compiler 'V5.05 update 2 (build 169)', folder: 'E:\KEIL  5\keil_v5\ARM\ARMCC\Bin'
Build target 'KS'
compiling rc522.c...
..\HARDWARE\RFID\rc522.c(253): warning:  #223-D: function "memcpy" declared implicitly
      memcpy(&ucComMF522Buf[2], pKey, 6); 
..\HARDWARE\RFID\rc522.c(245): warning:  #177-D: variable "i" was declared but never referenced
      u8   i,ucComMF522Buf[MAXRLEN]; 
..\HARDWARE\RFID\rc522.c(336): warning:  #550-D: variable "status" was set but never used
      u8   status;
..\HARDWARE\RFID\rc522.c: 3 warnings, 0 errors
linking...
Program Size: Code=64026 RO-data=9890 RW-data=504 ZI-data=46292  
FromELF: creating hex file...
".\KS.axf" - 0 Error(s), 3 Warning(s).

<h2>Collection of Component include folders:</h2>
  D:\MCU_Program\STM32\KS\KS\PROJECT\RTE
  E:\KEIL  5\keil_v5\ARM\PACK\Keil\STM32F1xx_DFP\1.1.0\Device\Include

<h2>Collection of Component Files used:</h2>
</pre>
</body>
</html>
