Component: ARM Compiler 5.05 update 2 (build 169) Tool: armlink [4d0f33]

==============================================================================

Section Cross References

    main.o(i.camera_new_pathname) refers to _printf_pad.o(.text) for _printf_pre_padding
    main.o(i.camera_new_pathname) refers to _printf_percent.o(.ARM.Collect$$_printf_percent$$00000000) for _printf_percent
    main.o(i.camera_new_pathname) refers to _printf_d.o(.ARM.Collect$$_printf_percent$$00000009) for _printf_d
    main.o(i.camera_new_pathname) refers to _printf_dec.o(.text) for _printf_int_dec
    main.o(i.camera_new_pathname) refers to noretval__2sprintf.o(.text) for __2sprintf
    main.o(i.camera_new_pathname) refers to ff.o(i.f_open) for f_open
    main.o(i.camera_new_pathname) refers to exfuns.o(.data) for ftemp
    main.o(i.camera_refresh) refers to lcd.o(i.LCD_Scan_Dir) for LCD_Scan_Dir
    main.o(i.camera_refresh) refers to lcd.o(i.LCD_Set_Window) for LCD_Set_Window
    main.o(i.camera_refresh) refers to lcd.o(i.LCD_WriteRAM_Prepare) for LCD_WriteRAM_Prepare
    main.o(i.camera_refresh) refers to exti.o(.data) for ov_sta
    main.o(i.camera_refresh) refers to lcd.o(.bss) for lcddev
    main.o(i.camera_refresh) refers to timer.o(.data) for ov_frame
    main.o(i.main) refers to _printf_pad.o(.text) for _printf_pre_padding
    main.o(i.main) refers to _printf_percent.o(.ARM.Collect$$_printf_percent$$00000000) for _printf_percent
    main.o(i.main) refers to _printf_x.o(.ARM.Collect$$_printf_percent$$0000000C) for _printf_x
    main.o(i.main) refers to _printf_hex_int.o(.text) for _printf_longlong_hex
    main.o(i.main) refers to delay.o(i.delay_init) for delay_init
    main.o(i.main) refers to misc.o(i.NVIC_PriorityGroupConfig) for NVIC_PriorityGroupConfig
    main.o(i.main) refers to usart.o(i.uart_init) for uart_init
    main.o(i.main) refers to lcd.o(i.LCD_Init) for LCD_Init
    main.o(i.main) refers to malloc.o(i.my_mem_init) for my_mem_init
    main.o(i.main) refers to exfuns.o(i.exfuns_init) for exfuns_init
    main.o(i.main) refers to output.o(i.OUTPUT_Init) for OUTPUT_Init
    main.o(i.main) refers to rc522.o(i.InitRc522) for InitRc522
    main.o(i.main) refers to exti.o(i.EXTI_PE4_Config) for EXTI_PE4_Config
    main.o(i.main) refers to ff.o(i.f_mount) for f_mount
    main.o(i.main) refers to text.o(i.Show_Str) for Show_Str
    main.o(i.main) refers to ff.o(i.f_mkdir) for f_mkdir
    main.o(i.main) refers to delay.o(i.delay_ms) for delay_ms
    main.o(i.main) refers to malloc.o(i.mymalloc) for mymalloc
    main.o(i.main) refers to lcd.o(i.LCD_Fill) for LCD_Fill
    main.o(i.main) refers to ov7670.o(i.OV7670_Init) for OV7670_Init
    main.o(i.main) refers to timer.o(i.TIM6_Int_Init) for TIM6_Int_Init
    main.o(i.main) refers to exti.o(i.EXTI8_Init) for EXTI8_Init
    main.o(i.main) refers to ov7670.o(i.OV7670_Window_Set) for OV7670_Window_Set
    main.o(i.main) refers to lcd.o(i.LCD_Clear) for LCD_Clear
    main.o(i.main) refers to stm32f10x_gpio.o(i.GPIO_ReadInputDataBit) for GPIO_ReadInputDataBit
    main.o(i.main) refers to rc522.o(i.PcdRequest) for PcdRequest
    main.o(i.main) refers to noretval__2printf.o(.text) for __2printf
    main.o(i.main) refers to rc522.o(i.PcdAnticoll) for PcdAnticoll
    main.o(i.main) refers to main.o(i.camera_new_pathname) for camera_new_pathname
    main.o(i.main) refers to bmp.o(i.bmp_encode) for bmp_encode
    main.o(i.main) refers to usmart_config.o(.data) for usmart_dev
    main.o(i.main) refers to exfuns.o(.data) for fs
    main.o(i.main) refers to lcd.o(.data) for POINT_COLOR
    main.o(i.main) refers to stm32f10x_it.o(.data) for SN
    main.o(i.main) refers to lcd.o(.bss) for lcddev
    main.o(i.main) refers to main.o(i.camera_refresh) for camera_refresh
    stm32f10x_it.o(i.EXTI4_IRQHandler) refers to stm32f10x_exti.o(i.EXTI_GetITStatus) for EXTI_GetITStatus
    stm32f10x_it.o(i.EXTI4_IRQHandler) refers to stm32f10x_exti.o(i.EXTI_ClearITPendingBit) for EXTI_ClearITPendingBit
    stm32f10x_it.o(i.EXTI4_IRQHandler) refers to stm32f10x_it.o(.data) for xx
    system_stm32f10x.o(i.SetSysClock) refers to system_stm32f10x.o(i.SetSysClockTo72) for SetSysClockTo72
    system_stm32f10x.o(i.SystemCoreClockUpdate) refers to system_stm32f10x.o(.data) for SystemCoreClock
    system_stm32f10x.o(i.SystemInit) refers to system_stm32f10x.o(i.SetSysClock) for SetSysClock
    exti.o(i.EXTI8_Init) refers to stm32f10x_gpio.o(i.GPIO_EXTILineConfig) for GPIO_EXTILineConfig
    exti.o(i.EXTI8_Init) refers to stm32f10x_exti.o(i.EXTI_Init) for EXTI_Init
    exti.o(i.EXTI8_Init) refers to misc.o(i.NVIC_Init) for NVIC_Init
    exti.o(i.EXTI9_5_IRQHandler) refers to stm32f10x_exti.o(i.EXTI_GetITStatus) for EXTI_GetITStatus
    exti.o(i.EXTI9_5_IRQHandler) refers to stm32f10x_exti.o(i.EXTI_ClearITPendingBit) for EXTI_ClearITPendingBit
    exti.o(i.EXTI9_5_IRQHandler) refers to exti.o(.data) for ov_sta
[...]
    __rt_exit                                0x08000221   Thumb Code     0  rtexit.o(.ARM.Collect$$rtexit$$00000000)
    __rt_exit_ls                             0x08000223   Thumb Code     0  rtexit2.o(.ARM.Collect$$rtexit$$00000003)
    __rt_exit_prels_1                        0x08000223   Thumb Code     0  rtexit2.o(.ARM.Collect$$rtexit$$00000002)
    __rt_exit_exit                           0x08000227   Thumb Code     0  rtexit2.o(.ARM.Collect$$rtexit$$00000004)
    Reset_Handler                            0x0800022d   Thumb Code     8  startup_stm32f10x_hd.o(.text)
    ADC1_2_IRQHandler                        0x08000247   Thumb Code     0  startup_stm32f10x_hd.o(.text)
    ADC3_IRQHandler                          0x08000247   Thumb Code     0  startup_stm32f10x_hd.o(.text)
    CAN1_RX1_IRQHandler                      0x08000247   Thumb Code     0  startup_stm32f10x_hd.o(.text)
    CAN1_SCE_IRQHandler                      0x08000247   Thumb Code     0  startup_stm32f10x_hd.o(.text)
    DMA1_Channel1_IRQHandler                 0x08000247   Thumb Code     0  startup_stm32f10x_hd.o(.text)
    DMA1_Channel2_IRQHandler                 0x08000247   Thumb Code     0  startup_stm32f10x_hd.o(.text)
    DMA1_Channel3_IRQHandler                 0x08000247   Thumb Code     0  startup_stm32f10x_hd.o(.text)
    DMA1_Channel4_IRQHandler                 0x08000247   Thumb Code     0  startup_stm32f10x_hd.o(.text)
    DMA1_Channel5_IRQHandler                 0x08000247   Thumb Code     0  startup_stm32f10x_hd.o(.text)
    DMA1_Channel6_IRQHandler                 0x08000247   Thumb Code     0  startup_stm32f10x_hd.o(.text)
    DMA1_Channel7_IRQHandler                 0x08000247   Thumb Code     0  startup_stm32f10x_hd.o(.text)
    DMA2_Channel1_IRQHandler                 0x08000247   Thumb Code     0  startup_stm32f10x_hd.o(.text)
    DMA2_Channel2_IRQHandler                 0x08000247   Thumb Code     0  startup_stm32f10x_hd.o(.text)
    DMA2_Channel3_IRQHandler                 0x08000247   Thumb Code     0  startup_stm32f10x_hd.o(.text)
    DMA2_Channel4_5_IRQHandler               0x08000247   Thumb Code     0  startup_stm32f10x_hd.o(.text)
    EXTI0_IRQHandler                         0x08000247   Thumb Code     0  startup_stm32f10x_hd.o(.text)
    EXTI15_10_IRQHandler                     0x08000247   Thumb Code     0  startup_stm32f10x_hd.o(.text)
    EXTI1_IRQHandler                         0x08000247   Thumb Code     0  startup_stm32f10x_hd.o(.text)
    EXTI2_IRQHandler                         0x08000247   Thumb Code     0  startup_stm32f10x_hd.o(.text)
    EXTI3_IRQHandler                         0x08000247   Thumb Code     0  startup_stm32f10x_hd.o(.text)
    FLASH_IRQHandler                         0x08000247   Thumb Code     0  startup_stm32f10x_hd.o(.text)
    FSMC_IRQHandler                          0x08000247   Thumb Code     0  startup_stm32f10x_hd.o(.text)
    I2C1_ER_IRQHandler                       0x08000247   Thumb Code     0  startup_stm32f10x_hd.o(.text)
    I2C1_EV_IRQHandler                       0x08000247   Thumb Code     0  startup_stm32f10x_hd.o(.text)
    I2C2_ER_IRQHandler                       0x08000247   Thumb Code     0  startup_stm32f10x_hd.o(.text)
    I2C2_EV_IRQHandler                       0x08000247   Thumb Code     0  startup_stm32f10x_hd.o(.text)
    PVD_IRQHandler                           0x08000247   Thumb Code     0  startup_stm32f10x_hd.o(.text)
    RCC_IRQHandler                           0x08000247   Thumb Code     0  startup_stm32f10x_hd.o(.text)
    RTCAlarm_IRQHandler                      0x08000247   Thumb Code     0  startup_stm32f10x_hd.o(.text)
    RTC_IRQHandler                           0x08000247   Thumb Code     0  startup_stm32f10x_hd.o(.text)
    SPI1_IRQHandler                          0x08000247   Thumb Code     0  startup_stm32f10x_hd.o(.text)
    SPI2_IRQHandler                          0x08000247   Thumb Code     0  startup_stm32f10x_hd.o(.text)
    SPI3_IRQHandler                          0x08000247   Thumb Code     0  startup_stm32f10x_hd.o(.text)
    TAMPER_IRQHandler                        0x08000247   Thumb Code     0  startup_stm32f10x_hd.o(.text)
    TIM1_BRK_IRQHandler                      0x08000247   Thumb Code     0  startup_stm32f10x_hd.o(.text)
    TIM1_CC_IRQHandler                       0x08000247   Thumb Code     0  startup_stm32f10x_hd.o(.text)
    TIM1_TRG_COM_IRQHandler                  0x08000247   Thumb Code     0  startup_stm32f10x_hd.o(.text)
    TIM1_UP_IRQHandler                       0x08000247   Thumb Code     0  startup_stm32f10x_hd.o(.text)
    TIM2_IRQHandler                          0x08000247   Thumb Code     0  startup_stm32f10x_hd.o(.text)
    TIM7_IRQHandler                          0x08000247   Thumb Code     0  startup_stm32f10x_hd.o(.text)
    TIM8_BRK_IRQHandler                      0x08000247   Thumb Code     0  startup_stm32f10x_hd.o(.text)
    TIM8_CC_IRQHandler                       0x08000247   Thumb Code     0  startup_stm32f10x_hd.o(.text)
    TIM8_TRG_COM_IRQHandler                  0x08000247   Thumb Code     0  startup_stm32f10x_hd.o(.text)
    TIM8_UP_IRQHandler                       0x08000247   Thumb Code     0  startup_stm32f10x_hd.o(.text)
    UART4_IRQHandler                         0x08000247   Thumb Code     0  startup_stm32f10x_hd.o(.text)
    UART5_IRQHandler                         0x08000247   Thumb Code     0  startup_stm32f10x_hd.o(.text)
    USART2_IRQHandler                        0x08000247   Thumb Code     0  startup_stm32f10x_hd.o(.text)
    USART3_IRQHandler                        0x08000247   Thumb Code     0  startup_stm32f10x_hd.o(.text)
    USBWakeUp_IRQHandler                     0x08000247   Thumb Code     0  startup_stm32f10x_hd.o(.text)
    USB_HP_CAN1_TX_IRQHandler                0x08000247   Thumb Code     0  startup_stm32f10x_hd.o(.text)
    USB_LP_CAN1_RX0_IRQHandler               0x08000247   Thumb Code     0  startup_stm32f10x_hd.o(.text)
    WWDG_IRQHandler                          0x08000247   Thumb Code     0  startup_stm32f10x_hd.o(.text)
    __user_initial_stackheap                 0x08000249   Thumb Code     0  startup_stm32f10x_hd.o(.text)
    __use_no_semihosting                     0x0800026d   Thumb Code     2  use_no_semi_2.o(.text)
    __aeabi_ldivmod                          0x0800026f   Thumb Code     0  llsdiv.o(.text)
    _ll_sdiv                                 0x0800026f   Thumb Code    72  llsdiv.o(.text)
    __2printf                                0x080002b9   Thumb Code    20  noretval__2printf.o(.text)
    __2sprintf                               0x080002d1   Thumb Code    34  noretval__2sprintf.o(.text)
    _printf_pre_padding                      0x080002f9   Thumb Code    44  _printf_pad.o(.text)
    _printf_post_padding                     0x08000325   Thumb Code    34  _printf_pad.o(.text)
    _printf_str                              0x08000347   Thumb Code    82  _printf_str.o(.text)
    _printf_int_dec                          0x08000399   Thumb Code   104  _printf_dec.o(.text)
    _printf_int_hex                          0x08000411   Thumb Code    84  _printf_hex_int.o(.text)
    _printf_longlong_hex                     0x08000411   Thumb Code     0  _printf_hex_int.o(.text)
    __printf                                 0x08000469   Thumb Code   388  __printf_flags_ss_wp.o(.text)
    strcpy                                   0x080005f1   Thumb Code    72  strcpy.o(.text)
    __aeabi_memcpy                           0x08000639   Thumb Code     0  rt_memcpy_v6.o(.text)
    __rt_memcpy                              0x08000639   Thumb Code   138  rt_memcpy_v6.o(.text)
    _memcpy_lastbytes                        0x0800069f   Thumb Code     0  rt_memcpy_v6.o(.text)
    strcmp                                   0x080006c5   Thumb Code   128  strcmpv7m.o(.text)
    __use_two_region_memory                  0x08000745   Thumb Code     2  heapauxi.o(.text)
    __rt_heap_escrow$2region                 0x08000747   Thumb Code     2  heapauxi.o(.text)
    __rt_heap_expand$2region                 0x08000749   Thumb Code     2  heapauxi.o(.text)
    __I$use$semihosting                      0x0800074b   Thumb Code     0  use_no_semi.o(.text)
    __use_no_semihosting_swi                 0x0800074b   Thumb Code     2  use_no_semi.o(.text)
    __aeabi_uldivmod                         0x0800074d   Thumb Code     0  lludivv7m.o(.text)
    _ll_udiv                                 0x0800074d   Thumb Code   238  lludivv7m.o(.text)
    _printf_int_common                       0x0800083b   Thumb Code   178  _printf_intcommon.o(.text)
    _printf_char_common                      0x080008f7   Thumb Code    32  _printf_char_common.o(.text)
    _sputc                                   0x0800091d   Thumb Code    10  _sputc.o(.text)
    _printf_cs_common                        0x08000927   Thumb Code    20  _printf_char.o(.text)
    _printf_char                             0x0800093b   Thumb Code    16  _printf_char.o(.text)
    _printf_string                           0x0800094b   Thumb Code     8  _printf_char.o(.text)
    _printf_char_file                        0x08000955   Thumb Code    32  _printf_char_file.o(.text)
    __aeabi_memcpy4                          0x08000979   Thumb Code     0  rt_memcpy_w.o(.text)
    __aeabi_memcpy8                          0x08000979   Thumb Code     0  rt_memcpy_w.o(.text)
    __rt_memcpy_w                            0x08000979   Thumb Code   100  rt_memcpy_w.o(.text)
    _memcpy_lastbytes_aligned                0x080009c1   Thumb Code     0  rt_memcpy_w.o(.text)
    ferror                                   0x080009dd   Thumb Code     8  ferror.o(.text)
    __user_setup_stackheap                   0x080009e5   Thumb Code    74  sys_stackheap_outer.o(.text)
    exit                                     0x08000a2f   Thumb Code    12  exit.o(.text)
    __user_libspace                          0x08000a3d   Thumb Code     8  libspace.o(.text)
    __user_perproc_libspace                  0x08000a3d   Thumb Code     0  libspace.o(.text)
    __user_perthread_libspace                0x08000a3d   Thumb Code     0  libspace.o(.text)
    BusFault_Handler                         0x08000a45   Thumb Code     4  stm32f10x_it.o(i.BusFault_Handler)
    ClearBitMask                             0x08000a49   Thumb Code    28  rc522.o(i.ClearBitMask)
    CmdError                                 0x08000a65   Thumb Code    48  sdio_sdcard.o(i.CmdError)
    CmdResp1Error                            0x08000a95   Thumb Code    90  sdio_sdcard.o(i.CmdResp1Error)
    CmdResp2Error                            0x08000af5   Thumb Code    80  sdio_sdcard.o(i.CmdResp2Error)
    CmdResp3Error                            0x08000b49   Thumb Code    50  sdio_sdcard.o(i.CmdResp3Error)
    CmdResp6Error                            0x08000b81   Thumb Code   140  sdio_sdcard.o(i.CmdResp6Error)
    CmdResp7Error                            0x08000c11   Thumb Code    70  sdio_sdcard.o(i.CmdResp7Error)
    DMA_Cmd                                  0x08000c5d   Thumb Code    24  stm32f10x_dma.o(i.DMA_Cmd)
    DMA_DeInit                               0x08000c75   Thumb Code   324  stm32f10x_dma.o(i.DMA_DeInit)
    DMA_Init                                 0x08000dc1   Thumb Code    60  stm32f10x_dma.o(i.DMA_Init)
    DebugMon_Handler                         0x08000dfd   Thumb Code     2  stm32f10x_it.o(i.DebugMon_Handler)
    EXTI4_IRQHandler                         0x08000e01   Thumb Code    44  stm32f10x_it.o(i.EXTI4_IRQHandler)
    EXTI8_Init                               0x08000e3d   Thumb Code    70  exti.o(i.EXTI8_Init)
    EXTI9_5_IRQHandler                       0x08000e85   Thumb Code    54  exti.o(i.EXTI9_5_IRQHandler)
    EXTI_ClearITPendingBit                   0x08000ecd   Thumb Code     6  stm32f10x_exti.o(i.EXTI_ClearITPendingBit)
    EXTI_GetITStatus                         0x08000ed9   Thumb Code    34  stm32f10x_exti.o(i.EXTI_GetITStatus)
    EXTI_Init                                0x08000f01   Thumb Code   142  stm32f10x_exti.o(i.EXTI_Init)
    EXTI_PE4_Config                          0x08000f95   Thumb Code    72  exti.o(i.EXTI_PE4_Config)
    FSMC_NORSRAMCmd                          0x08000fe1   Thumb Code    46  stm32f10x_fsmc.o(i.FSMC_NORSRAMCmd)
    FSMC_NORSRAMInit                         0x08001015   Thumb Code   230  stm32f10x_fsmc.o(i.FSMC_NORSRAMInit)
    FindSCR                                  0x080010fd   Thumb Code   386  sdio_sdcard.o(i.FindSCR)
    GPIO_EXTILineConfig                      0x08001291   Thumb Code    60  stm32f10x_gpio.o(i.GPIO_EXTILineConfig)
    GPIO_Init                                0x080012d1   Thumb Code   278  stm32f10x_gpio.o(i.GPIO_Init)
    GPIO_PinRemapConfig                      0x080013e9   Thumb Code   138  stm32f10x_gpio.o(i.GPIO_PinRemapConfig)
    GPIO_ReadInputDataBit                    0x08001479   Thumb Code    18  stm32f10x_gpio.o(i.GPIO_ReadInputDataBit)
    GPIO_ResetBits                           0x0800148b   Thumb Code     4  stm32f10x_gpio.o(i.GPIO_ResetBits)
    GPIO_SetBits                             0x0800148f   Thumb Code     4  stm32f10x_gpio.o(i.GPIO_SetBits)
    Get_HzMat                                0x08001493   Thumb Code   172  text.o(i.Get_HzMat)
    HardFault_Handler                        0x0800153f   Thumb Code     4  stm32f10x_it.o(i.HardFault_Handler)
    INTX_DISABLE                             0x08001543   Thumb Code     4  sys.o(i.INTX_DISABLE)
    INTX_ENABLE                              0x08001547   Thumb Code     4  sys.o(i.INTX_ENABLE)
    InitRc522                                0x0800154b   Thumb Code    32  rc522.o(i.InitRc522)
    IsCardProgramming                        0x0800156d   Thumb Code   142  sdio_sdcard.o(i.IsCardProgramming)
    LCD_BGR2RGB                              0x08001609   Thumb Code    26  lcd.o(i.LCD_BGR2RGB)
    LCD_Clear                                0x08001625   Thumb Code   100  lcd.o(i.LCD_Clear)
    LCD_Display_Dir                          0x08001691   Thumb Code   420  lcd.o(i.LCD_Display_Dir)
    LCD_DrawPoint                            0x08001839   Thumb Code    28  lcd.o(i.LCD_DrawPoint)
    LCD_Fast_DrawPoint                       0x0800185d   Thumb Code   276  lcd.o(i.LCD_Fast_DrawPoint)
    LCD_Fill                                 0x08001979   Thumb Code   178  lcd.o(i.LCD_Fill)
    LCD_Init                                 0x08001a31   Thumb Code 14090  lcd.o(i.LCD_Init)
    LCD_RD_DATA                              0x08005145   Thumb Code     6  lcd.o(i.LCD_RD_DATA)
    LCD_ReadPoint                            0x08005151   Thumb Code   350  lcd.o(i.LCD_ReadPoint)
    LCD_ReadReg                              0x080052b9   Thumb Code    22  lcd.o(i.LCD_ReadReg)
    LCD_Scan_Dir                             0x080052d1   Thumb Code   708  lcd.o(i.LCD_Scan_Dir)
    LCD_SetCursor                            0x08005599   Thumb Code   262  lcd.o(i.LCD_SetCursor)
    LCD_Set_Window                           0x080056a5   Thumb Code   422  lcd.o(i.LCD_Set_Window)
    LCD_ShowChar                             0x08005851   Thumb Code   340  lcd.o(i.LCD_ShowChar)
    LCD_WR_DATA                              0x080059b9   Thumb Code     6  lcd.o(i.LCD_WR_DATA)
    LCD_WR_REG                               0x080059c5   Thumb Code     6  lcd.o(i.LCD_WR_REG)
    LCD_WriteRAM_Prepare                     0x080059d1   Thumb Code    10  lcd.o(i.LCD_WriteRAM_Prepare)
    LCD_WriteReg                             0x080059e5   Thumb Code    10  lcd.o(i.LCD_WriteReg)
    M500PcdConfigISOType                     0x080059f5   Thumb Code    94  rc522.o(i.M500PcdConfigISOType)
    MemManage_Handler                        0x08005a53   Thumb Code     4  stm32f10x_it.o(i.MemManage_Handler)
    NMI_Handler                              0x08005a57   Thumb Code     2  stm32f10x_it.o(i.NMI_Handler)
    NVIC_Init                                0x08005a81   Thumb Code   100  misc.o(i.NVIC_Init)
    NVIC_PriorityGroupConfig                 0x08005af1   Thumb Code    10  misc.o(i.NVIC_PriorityGroupConfig)
    OUTPUT_Init                              0x08005b05   Thumb Code   194  output.o(i.OUTPUT_Init)
    OV7670_Init                              0x08005bd5   Thumb Code   258  ov7670.o(i.OV7670_Init)
    OV7670_Window_Set                        0x08005cf5   Thumb Code   138  ov7670.o(i.OV7670_Window_Set)
    PcdAntennaOff                            0x08005d7f   Thumb Code    12  rc522.o(i.PcdAntennaOff)
    PcdAntennaOn                             0x08005d8b   Thumb Code    26  rc522.o(i.PcdAntennaOn)
    PcdAnticoll                              0x08005da5   Thumb Code   112  rc522.o(i.PcdAnticoll)
    PcdComMF522                              0x08005e15   Thumb Code   318  rc522.o(i.PcdComMF522)
    PcdRequest                               0x08005f53   Thumb Code    86  rc522.o(i.PcdRequest)
    PcdReset                                 0x08005fa9   Thumb Code   114  rc522.o(i.PcdReset)
    PendSV_Handler                           0x08006021   Thumb Code     2  stm32f10x_it.o(i.PendSV_Handler)
    RCC_AHBPeriphClockCmd                    0x08006025   Thumb Code    26  stm32f10x_rcc.o(i.RCC_AHBPeriphClockCmd)
    RCC_APB1PeriphClockCmd                   0x08006045   Thumb Code    26  stm32f10x_rcc.o(i.RCC_APB1PeriphClockCmd)
    RCC_APB2PeriphClockCmd                   0x08006065   Thumb Code    26  stm32f10x_rcc.o(i.RCC_APB2PeriphClockCmd)
    RCC_GetClocksFreq                        0x08006085   Thumb Code   192  stm32f10x_rcc.o(i.RCC_GetClocksFreq)
    ReadRawRC                                0x08006159   Thumb Code    48  rc522.o(i.ReadRawRC)
    SCCB_Init                                0x0800618d   Thumb Code   102  sccb.o(i.SCCB_Init)
    SCCB_No_Ack                              0x080061fd   Thumb Code    54  sccb.o(i.SCCB_No_Ack)
    SCCB_RD_Byte                             0x08006245   Thumb Code   104  sccb.o(i.SCCB_RD_Byte)
    SCCB_RD_Reg                              0x080062b9   Thumb Code    78  sccb.o(i.SCCB_RD_Reg)
    SCCB_Start                               0x08006309   Thumb Code    42  sccb.o(i.SCCB_Start)
    SCCB_Stop                                0x0800633d   Thumb Code    42  sccb.o(i.SCCB_Stop)
    SCCB_WR_Byte                             0x08006371   Thumb Code   152  sccb.o(i.SCCB_WR_Byte)
    SCCB_WR_Reg                              0x0800641d   Thumb Code    62  sccb.o(i.SCCB_WR_Reg)
    SDEnWideBus                              0x0800645d   Thumb Code   158  sdio_sdcard.o(i.SDEnWideBus)
    SDIO_ClearFlag                           0x08006509   Thumb Code     6  stm32f10x_sdio.o(i.SDIO_ClearFlag)
    SDIO_ClockCmd                            0x08006515   Thumb Code     6  stm32f10x_sdio.o(i.SDIO_ClockCmd)
    SDIO_Clock_Set                           0x08006521   Thumb Code    16  sdio_sdcard.o(i.SDIO_Clock_Set)
    SDIO_DMACmd                              0x08006535   Thumb Code     6  stm32f10x_sdio.o(i.SDIO_DMACmd)
    SDIO_DataConfig                          0x08006541   Thumb Code    42  stm32f10x_sdio.o(i.SDIO_DataConfig)
    SDIO_DeInit                              0x08006571   Thumb Code    28  stm32f10x_sdio.o(i.SDIO_DeInit)
    SDIO_GetFlagStatus                       0x08006595   Thumb Code    20  stm32f10x_sdio.o(i.SDIO_GetFlagStatus)
    SDIO_GetPowerState                       0x080065ad   Thumb Code    10  stm32f10x_sdio.o(i.SDIO_GetPowerState)
    SDIO_IRQHandler                          0x080065bd   Thumb Code     8  sdio_sdcard.o(i.SDIO_IRQHandler)
    SDIO_Init                                0x080065c5   Thumb Code    42  stm32f10x_sdio.o(i.SDIO_Init)
    SDIO_ReadData                            0x080065f5   Thumb Code     6  stm32f10x_sdio.o(i.SDIO_ReadData)
    SDIO_SendCommand                         0x08006601   Thumb Code    38  stm32f10x_sdio.o(i.SDIO_SendCommand)
    SDIO_SetPowerState                       0x0800662d   Thumb Code    22  stm32f10x_sdio.o(i.SDIO_SetPowerState)
    SDIO_WriteData                           0x08006649   Thumb Code     6  stm32f10x_sdio.o(i.SDIO_WriteData)
    SD_DMA_Config                            0x08006655   Thumb Code    94  sdio_sdcard.o(i.SD_DMA_Config)
    SD_EnableWideBusOperation                0x080066bd   Thumb Code    94  sdio_sdcard.o(i.SD_EnableWideBusOperation)
    SD_GetCardInfo                           0x08006725   Thumb Code   772  sdio_sdcard.o(i.SD_GetCardInfo)
    SD_Init                                  0x08006a39   Thumb Code   238  sdio_sdcard.o(i.SD_Init)
    SD_InitializeCards                       0x08006b39   Thumb Code   316  sdio_sdcard.o(i.SD_InitializeCards)
    SD_PowerON                               0x08006c8d   Thumb Code   450  sdio_sdcard.o(i.SD_PowerON)
    SD_ProcessIRQSrc                         0x08006e69   Thumb Code   296  sdio_sdcard.o(i.SD_ProcessIRQSrc)
    SD_ReadBlock                             0x08006fa5   Thumb Code   558  sdio_sdcard.o(i.SD_ReadBlock)
    SD_ReadDisk                              0x080071fd   Thumb Code   148  sdio_sdcard.o(i.SD_ReadDisk)
    SD_ReadMultiBlocks                       0x08007295   Thumb Code   698  sdio_sdcard.o(i.SD_ReadMultiBlocks)
    SD_SelectDeselect                        0x0800757d   Thumb Code    42  sdio_sdcard.o(i.SD_SelectDeselect)
    SD_SetDeviceMode                         0x080075ad   Thumb Code    20  sdio_sdcard.o(i.SD_SetDeviceMode)
    SD_WriteBlock                            0x080075c5   Thumb Code   844  sdio_sdcard.o(i.SD_WriteBlock)
    SD_WriteDisk                             0x08007939   Thumb Code   148  sdio_sdcard.o(i.SD_WriteDisk)
    SD_WriteMultiBlocks                      0x080079d1   Thumb Code   920  sdio_sdcard.o(i.SD_WriteMultiBlocks)
    SPI2Init                                 0x08007d91   Thumb Code   166  rc522.o(i.SPI2Init)
    SPIWriteByte                             0x08007e45   Thumb Code    46  rc522.o(i.SPIWriteByte)
    SPI_Cmd                                  0x08007e79   Thumb Code    24  stm32f10x_spi.o(i.SPI_Cmd)
    SPI_Init                                 0x08007e91   Thumb Code    60  stm32f10x_spi.o(i.SPI_Init)
    SVC_Handler                              0x08007ecd   Thumb Code     2  stm32f10x_it.o(i.SVC_Handler)
    SetBitMask                               0x08007ecf   Thumb Code    28  rc522.o(i.SetBitMask)
    Show_Font                                0x08007fd5   Thumb Code   190  text.o(i.Show_Font)
    Show_Str                                 0x0800809d   Thumb Code   194  text.o(i.Show_Str)
    SysTick_CLKSourceConfig                  0x0800815f   Thumb Code    40  misc.o(i.SysTick_CLKSourceConfig)
    SysTick_Handler                          0x08008187   Thumb Code     2  stm32f10x_it.o(i.SysTick_Handler)
    SystemInit                               0x08008189   Thumb Code    78  system_stm32f10x.o(i.SystemInit)
    TIM3_IRQHandler                          0x080081e9   Thumb Code    38  timer.o(i.TIM3_IRQHandler)
    TIM4_IRQHandler                          0x08008219   Thumb Code    46  usmart.o(i.TIM4_IRQHandler)
    TIM5_IRQHandler                          0x08008251   Thumb Code   178  timer.o(i.TIM5_IRQHandler)
    TIM6_IRQHandler                          0x08008311   Thumb Code    38  timer.o(i.TIM6_IRQHandler)
    TIM6_Int_Init                            0x08008351   Thumb Code    90  timer.o(i.TIM6_Int_Init)
    TIM_ClearFlag                            0x080083b1   Thumb Code     6  stm32f10x_tim.o(i.TIM_ClearFlag)
    TIM_ClearITPendingBit                    0x080083b7   Thumb Code     6  stm32f10x_tim.o(i.TIM_ClearITPendingBit)
    TIM_Cmd                                  0x080083bd   Thumb Code    24  stm32f10x_tim.o(i.TIM_Cmd)
    TIM_GetCapture1                          0x080083d5   Thumb Code     6  stm32f10x_tim.o(i.TIM_GetCapture1)
    TIM_GetCounter                           0x080083db   Thumb Code     6  stm32f10x_tim.o(i.TIM_GetCounter)
    TIM_GetFlagStatus                        0x080083e1   Thumb Code    18  stm32f10x_tim.o(i.TIM_GetFlagStatus)
    TIM_GetITStatus                          0x080083f3   Thumb Code    34  stm32f10x_tim.o(i.TIM_GetITStatus)
    TIM_ITConfig                             0x08008415   Thumb Code    18  stm32f10x_tim.o(i.TIM_ITConfig)
    TIM_OC1PolarityConfig                    0x08008427   Thumb Code    18  stm32f10x_tim.o(i.TIM_OC1PolarityConfig)
    TIM_SetAutoreload                        0x08008439   Thumb Code     4  stm32f10x_tim.o(i.TIM_SetAutoreload)
    TIM_SetCounter                           0x0800843d   Thumb Code     4  stm32f10x_tim.o(i.TIM_SetCounter)
    TIM_TimeBaseInit                         0x08008441   Thumb Code   122  stm32f10x_tim.o(i.TIM_TimeBaseInit)
    Timer4_Init                              0x080084e5   Thumb Code    88  usmart.o(i.Timer4_Init)
    USART1_IRQHandler                        0x08008541   Thumb Code   122  usart.o(i.USART1_IRQHandler)
    USART_Cmd                                0x080085c9   Thumb Code    24  stm32f10x_usart.o(i.USART_Cmd)
    USART_GetITStatus                        0x080085e1   Thumb Code    84  stm32f10x_usart.o(i.USART_GetITStatus)
    USART_ITConfig                           0x08008635   Thumb Code    74  stm32f10x_usart.o(i.USART_ITConfig)
    USART_Init                               0x08008681   Thumb Code   210  stm32f10x_usart.o(i.USART_Init)
    USART_ReceiveData                        0x08008759   Thumb Code    10  stm32f10x_usart.o(i.USART_ReceiveData)
    UsageFault_Handler                       0x08008763   Thumb Code     4  stm32f10x_it.o(i.UsageFault_Handler)
    WriteRawRC                               0x08008769   Thumb Code    40  rc522.o(i.WriteRawRC)
    _is_digit                                0x08008795   Thumb Code    14  __printf_wp.o(i._is_digit)
    _sys_exit                                0x080087a3   Thumb Code     6  usart.o(i._sys_exit)
    ai_draw_init                             0x080087a9   Thumb Code   264  piclib.o(i.ai_draw_init)
    ai_load_picfile                          0x080088b5   Thumb Code   194  piclib.o(i.ai_load_picfile)
    bmp_encode                               0x08008cdd   Thumb Code   486  bmp.o(i.bmp_encode)
    camera_new_pathname                      0x08008ecd   Thumb Code    54  main.o(i.camera_new_pathname)
    camera_refresh                           0x08008f1d   Thumb Code   272  main.o(i.camera_refresh)
    char_upper                               0x0800904d   Thumb Code    26  exfuns.o(i.char_upper)
    clust2sect                               0x0800913f   Thumb Code    26  ff.o(i.clust2sect)
    convert_from_bytes_to_power_of_two       0x080091e9   Thumb Code    18  sdio_sdcard.o(i.convert_from_bytes_to_power_of_two)
    delay_init                               0x080096e9   Thumb Code    50  delay.o(i.delay_init)
    delay_ms                                 0x0800972d   Thumb Code    72  delay.o(i.delay_ms)
    delay_ns                                 0x08009779   Thumb Code    18  rc522.o(i.delay_ns)
    delay_us                                 0x0800978d   Thumb Code    72  delay.o(i.delay_us)
    dir_sdi                                  0x08009c1d   Thumb Code   158  ff.o(i.dir_sdi)
    disk_initialize                          0x08009cbd   Thumb Code    48  diskio.o(i.disk_initialize)
    disk_ioctl                               0x08009cf1   Thumb Code   170  diskio.o(i.disk_ioctl)
    disk_read                                0x08009da5   Thumb Code   110  diskio.o(i.disk_read)
    disk_status                              0x08009e13   Thumb Code     6  diskio.o(i.disk_status)
    disk_write                               0x08009e19   Thumb Code   110  diskio.o(i.disk_write)
    exfuns_init                              0x08009e89   Thumb Code   114  exfuns.o(i.exfuns_init)
    f_close                                  0x08009f0d   Thumb Code    32  ff.o(i.f_close)
    f_lseek                                  0x08009f2d   Thumb Code   684  ff.o(i.f_lseek)
    f_mkdir                                  0x0800a1d9   Thumb Code   380  ff.o(i.f_mkdir)
    f_mount                                  0x0800a355   Thumb Code    86  ff.o(i.f_mount)
    f_open                                   0x0800a3b1   Thumb Code   384  ff.o(i.f_open)
    f_opendir                                0x0800a531   Thumb Code   136  ff.o(i.f_opendir)
    f_read                                   0x0800a5b9   Thumb Code   432  ff.o(i.f_read)
    f_readdir                                0x0800a769   Thumb Code   114  ff.o(i.f_readdir)
    f_sync                                   0x0800a7db   Thumb Code   176  ff.o(i.f_sync)
    f_typetell                               0x0800a88d   Thumb Code   188  exfuns.o(i.f_typetell)
    f_write                                  0x0800a94d   Thumb Code   490  ff.o(i.f_write)
    ff_convert                               0x0800ab39   Thumb Code   122  mycc936.o(i.ff_convert)
    ff_memalloc                              0x0800abb9   Thumb Code    14  diskio.o(i.ff_memalloc)
    ff_memfree                               0x0800abc7   Thumb Code    14  diskio.o(i.ff_memfree)
    ff_wtoupper                              0x0800abd5   Thumb Code    46  mycc936.o(i.ff_wtoupper)
    fputc                                    0x0800b0b1   Thumb Code    24  usart.o(i.fputc)
    get_fat                                  0x0800b199   Thumb Code   242  ff.o(i.get_fat)
    get_fattime                              0x0800b28b   Thumb Code     4  diskio.o(i.get_fattime)
    gif_check_head                           0x0800b3e9   Thumb Code    88  gif.o(i.gif_check_head)
    gif_clear2bkcolor                        0x0800b441   Thumb Code   496  gif.o(i.gif_clear2bkcolor)
    gif_decode                               0x0800b635   Thumb Code   296  gif.o(i.gif_decode)
    gif_dispimage                            0x0800b761   Thumb Code   538  gif.o(i.gif_dispimage)
    gif_drawimage                            0x0800b989   Thumb Code   340  gif.o(i.gif_drawimage)
    gif_getdatablock                         0x0800badd   Thumb Code    96  gif.o(i.gif_getdatablock)
    gif_getinfo                              0x0800bb3d   Thumb Code    70  gif.o(i.gif_getinfo)
    gif_getnextbyte                          0x0800bb83   Thumb Code   856  gif.o(i.gif_getnextbyte)
    gif_getnextcode                          0x0800bedd   Thumb Code   452  gif.o(i.gif_getnextcode)
    gif_getrgb565                            0x0800c0a5   Thumb Code    28  gif.o(i.gif_getrgb565)
    gif_initlzw                              0x0800c0c1   Thumb Code   152  gif.o(i.gif_initlzw)
    gif_readcolortbl                         0x0800c159   Thumb Code    64  gif.o(i.gif_readcolortbl)
    gif_readextension                        0x0800c199   Thumb Code   160  gif.o(i.gif_readextension)
    gif_recovergctbl                         0x0800c239   Thumb Code    38  gif.o(i.gif_recovergctbl)
    gif_savegctbl                            0x0800c25f   Thumb Code    38  gif.o(i.gif_savegctbl)
    is_element_ok                            0x0800c345   Thumb Code    36  piclib.o(i.is_element_ok)
    jd_decomp                                0x0800c36d   Thumb Code   162  tjpgd.o(i.jd_decomp)
    jd_prepare                               0x0800c40f   Thumb Code   924  tjpgd.o(i.jd_prepare)
    jpeg_freeall                             0x0800c7ad   Thumb Code    28  tjpgd.o(i.jpeg_freeall)
    jpeg_in_func                             0x0800c7d5   Thumb Code    48  tjpgd.o(i.jpeg_in_func)
    jpeg_mallocall                           0x0800c805   Thumb Code    70  tjpgd.o(i.jpeg_mallocall)
    jpeg_out_func_fill                       0x0800c859   Thumb Code    74  tjpgd.o(i.jpeg_out_func_fill)
    jpeg_out_func_point                      0x0800c8ad   Thumb Code   182  tjpgd.o(i.jpeg_out_func_point)
    jpg_decode                               0x0800c96d   Thumb Code   232  tjpgd.o(i.jpg_decode)
    main                                     0x0800ca91   Thumb Code  1388  main.o(i.main)
    mf_scan_files                            0x0800d5c9   Thumb Code   120  fattester.o(i.mf_scan_files)
    minibmp_decode                           0x0800d659   Thumb Code   966  bmp.o(i.minibmp_decode)
    my_mem_free                              0x0800da5d   Thumb Code    96  malloc.o(i.my_mem_free)
    my_mem_init                              0x0800dac9   Thumb Code    54  malloc.o(i.my_mem_init)
    my_mem_malloc                            0x0800db0d   Thumb Code   156  malloc.o(i.my_mem_malloc)
    my_mem_perused                           0x0800dbb5   Thumb Code    54  malloc.o(i.my_mem_perused)
    myfree                                   0x0800dbf5   Thumb Code    30  malloc.o(i.myfree)
    mymalloc                                 0x0800dc19   Thumb Code    34  malloc.o(i.mymalloc)
    mymemset                                 0x0800dc41   Thumb Code    20  malloc.o(i.mymemset)
    opt_delay                                0x0800dc55   Thumb Code    14  lcd.o(i.opt_delay)
    pic_memalloc                             0x0800dc63   Thumb Code    14  piclib.o(i.pic_memalloc)
    pic_memfree                              0x0800dc71   Thumb Code    14  piclib.o(i.pic_memfree)
    piclib_alpha_blend                       0x0800dcf5   Thumb Code    42  piclib.o(i.piclib_alpha_blend)
    put_fat                                  0x0800dd25   Thumb Code   322  ff.o(i.put_fat)
    read_addr                                0x0800de67   Thumb Code     6  usmart.o(i.read_addr)
    stdbmp_decode                            0x0800df59   Thumb Code   712  bmp.o(i.stdbmp_decode)
    uart_init                                0x0800e365   Thumb Code   152  usart.o(i.uart_init)
    usmart_cmd_rec                           0x0800e405   Thumb Code   170  usmart.o(i.usmart_cmd_rec)
    usmart_exe                               0x0800e4b5   Thumb Code   632  usmart.o(i.usmart_exe)
    usmart_get_aparm                         0x0800e789   Thumb Code   200  usmart_str.o(i.usmart_get_aparm)
    usmart_get_cmdname                       0x0800e851   Thumb Code    54  usmart_str.o(i.usmart_get_cmdname)
    usmart_get_fname                         0x0800e889   Thumb Code   440  usmart_str.o(i.usmart_get_fname)
    usmart_get_fparam                        0x0800ea49   Thumb Code   262  usmart_str.o(i.usmart_get_fparam)
    usmart_get_parmpos                       0x0800eb55   Thumb Code    26  usmart_str.o(i.usmart_get_parmpos)
    usmart_get_runtime                       0x0800eb75   Thumb Code    60  usmart.o(i.usmart_get_runtime)
    usmart_init                              0x0800ebb9   Thumb Code    36  usmart.o(i.usmart_init)
    usmart_pow                               0x0800ebe1   Thumb Code    22  usmart_str.o(i.usmart_pow)
    usmart_reset_runtime                     0x0800ebf9   Thumb Code    38  usmart.o(i.usmart_reset_runtime)
    usmart_scan                              0x0800ec29   Thumb Code   120  usmart.o(i.usmart_scan)
    usmart_search_nextc                      0x0800ece5   Thumb Code    22  usmart_str.o(i.usmart_search_nextc)
    usmart_str2num                           0x0800ecfb   Thumb Code   202  usmart_str.o(i.usmart_str2num)
    usmart_strcmp                            0x0800edc5   Thumb Code    34  usmart_str.o(i.usmart_strcmp)
    usmart_strcopy                           0x0800ede7   Thumb Code    22  usmart_str.o(i.usmart_strcopy)
    usmart_strlen                            0x0800edfd   Thumb Code    24  usmart_str.o(i.usmart_strlen)
    usmart_sys_cmd_exe                       0x0800ee15   Thumb Code  1554  usmart.o(i.usmart_sys_cmd_exe)
    write_addr                               0x0800f52f   Thumb Code     4  usmart.o(i.write_addr)
    __aeabi_fadd                             0x0800f535   Thumb Code     0  faddsub_clz.o(x$fpl$fadd)
    _fadd                                    0x0800f535   Thumb Code   196  faddsub_clz.o(x$fpl$fadd)
    __fpl_fcmp_Inf                           0x0800f5f9   Thumb Code    24  fcmpi.o(x$fpl$fcmpinf)
    __aeabi_fdiv                             0x0800f611   Thumb Code     0  fdiv.o(x$fpl$fdiv)
    _fdiv                                    0x0800f611   Thumb Code   384  fdiv.o(x$fpl$fdiv)
    __aeabi_f2uiz                            0x0800f795   Thumb Code     0  ffixu.o(x$fpl$ffixu)
    _ffixu                                   0x0800f795   Thumb Code    62  ffixu.o(x$fpl$ffixu)
    __aeabi_ui2f                             0x0800f7d5   Thumb Code     0  fflt_clz.o(x$fpl$ffltu)
    _ffltu                                   0x0800f7d5   Thumb Code    38  fflt_clz.o(x$fpl$ffltu)
    __aeabi_cfcmple                          0x0800f7fd   Thumb Code     0  fleqf.o(x$fpl$fleqf)
    _fcmple                                  0x0800f7fd   Thumb Code   104  fleqf.o(x$fpl$fleqf)
    __fpl_fcmple_InfNaN                      0x0800f84f   Thumb Code     0  fleqf.o(x$fpl$fleqf)
    __aeabi_fmul                             0x0800f865   Thumb Code     0  fmul.o(x$fpl$fmul)
    _fmul                                    0x0800f865   Thumb Code   258  fmul.o(x$fpl$fmul)
    __fpl_fnaninf                            0x0800f967   Thumb Code   140  fnaninf.o(x$fpl$fnaninf)
    __fpl_fretinf                            0x0800f9f3   Thumb Code    10  fretinf.o(x$fpl$fretinf)
    __aeabi_cfrcmple                         0x0800f9fd   Thumb Code     0  frleqf.o(x$fpl$frleqf)
    _frcmple                                 0x0800f9fd   Thumb Code    98  frleqf.o(x$fpl$frleqf)
    __aeabi_fsub                             0x0800fa61   Thumb Code     0  faddsub_clz.o(x$fpl$fsub)
    _fsub                                    0x0800fa61   Thumb Code   234  faddsub_clz.o(x$fpl$fsub)
    __I$use$fp                               0x0800fb4a   Number         0  usenofp.o(x$fpl$usenofp)
    asc2_1206                                0x0800fb4a   Data        1140  lcd.o(.constdata)
    asc2_1608                                0x0800ffbe   Data        1520  lcd.o(.constdata)
    asc2_2412                                0x080105ae   Data        3420  lcd.o(.constdata)
    ov7670_init_reg_tbl                      0x0801130a   Data         336  ov7670.o(.constdata)
    memtblsize                               0x0801145c   Data           8  malloc.o(.constdata)
    memblksize                               0x08011464   Data           8  malloc.o(.constdata)
    memsize                                  0x0801146c   Data           8  malloc.o(.constdata)
    FILE_TYPE_TBL                            0x080114b0   Data         312  exfuns.o(.constdata)
    _aMaskTbl                                0x080119a8   Data          32  gif.o(.constdata)
    _aInterlaceOffset                        0x080119c8   Data           4  gif.o(.constdata)
    _aInterlaceYPos                          0x080119cc   Data           4  gif.o(.constdata)
    Region$$Table$$Base                      0x0801209c   Number         0  anon$$obj.o(Region$$Table)
    Region$$Table$$Limit                     0x080120bc   Number         0  anon$$obj.o(Region$$Table)
    CT                                       0x20000000   Data           2  stm32f10x_it.o(.data)
    SN                                       0x20000002   Data           4  stm32f10x_it.o(.data)
    lxl_bit                                  0x20000006   Data           1  stm32f10x_it.o(.data)
    xx                                       0x20000007   Data           1  stm32f10x_it.o(.data)
    flag_trigger                             0x20000008   Data           1  stm32f10x_it.o(.data)
    SystemCoreClock                          0x2000000c   Data           4  system_stm32f10x.o(.data)
    AHBPrescTable                            0x20000010   Data          16  system_stm32f10x.o(.data)
    ov_sta                                   0x20000020   Data           1  exti.o(.data)
    POINT_COLOR                              0x20000022   Data           2  lcd.o(.data)
    BACK_COLOR                               0x20000024   Data           2  lcd.o(.data)
    TransferError                            0x20000032   Data           1  sdio_sdcard.o(.data)
    TransferEnd                              0x20000033   Data           1  sdio_sdcard.o(.data)
    tempbuff                                 0x20000034   Data           4  sdio_sdcard.o(.data)
    TIM5CH1_CAPTURE_STA                      0x20000038   Data           1  timer.o(.data)
    TIM5CH1_CAPTURE_VAL                      0x2000003a   Data           2  timer.o(.data)
    ov_frame                                 0x2000003c   Data           1  timer.o(.data)
    __stdout                                 0x20000044   Data           4  usart.o(.data)
    USART_RX_STA                             0x20000048   Data           2  usart.o(.data)
    mallco_dev                               0x20000060   Data          28  malloc.o(.data)
    FLASH_SECTOR_COUNT                       0x2000007c   Data           2  diskio.o(.data)
    fs                                       0x2000008c   Data           8  exfuns.o(.data)
    file                                     0x20000094   Data           4  exfuns.o(.data)
    ftemp                                    0x20000098   Data           4  exfuns.o(.data)
    br                                       0x2000009c   Data           4  exfuns.o(.data)
    bw                                       0x200000a0   Data           4  exfuns.o(.data)
    fatbuf                                   0x200000a4   Data           4  exfuns.o(.data)
    sys_cmd_tab                              0x200000a8   Data          28  usmart.o(.data)
    usmart_nametab                           0x200000c4   Data          48  usmart_config.o(.data)
    usmart_dev                               0x200000f4   Data         244  usmart_config.o(.data)
    gifdecoding                              0x200001e8   Data           1  gif.o(.data)
    f_jpeg                                   0x200001ec   Data           4  tjpgd.o(.data)
    jpeg_dev                                 0x200001f0   Data           4  tjpgd.o(.data)
    jpg_buffer                               0x200001f4   Data           4  tjpgd.o(.data)
    lcddev                                   0x200001f8   Data          14  lcd.o(.bss)
    SDIO_InitStructure                       0x20000208   Data          24  sdio_sdcard.o(.bss)
    SDIO_CmdInitStructure                    0x20000220   Data          20  sdio_sdcard.o(.bss)
    SDIO_DataInitStructure                   0x20000234   Data          24  sdio_sdcard.o(.bss)
    SDCardInfo                               0x20000270   Data          88  sdio_sdcard.o(.bss)
    SDIO_DATA_BUFFER                         0x200002c8   Data         512  sdio_sdcard.o(.bss)
    USART_RX_BUF                             0x200004c8   Data         200  usart.o(.bss)
    mem1base                                 0x200005a0   Data       40960  malloc.o(.bss)
    mem1mapbase                              0x2000a5a0   Data        2560  malloc.o(.bss)
    fileinfo                                 0x2000afa0   Data          32  exfuns.o(.bss)
    dir                                      0x2000afc0   Data          36  exfuns.o(.bss)
    ftinfo                                   0x2000afe4   Data          33  fontupd.o(.bss)
    picinfo                                  0x2000b008   Data          40  piclib.o(.bss)
    pic_phy                                  0x2000b030   Data          20  piclib.o(.bss)
    __libspace_start                         0x2000b044   Data          96  libspace.o(.bss)
    __temporary_stack_top$libspace           0x2000b0a4   Data           0  libspace.o(.bss)
    mem2base                                 0x68000000   Data          32  malloc.o(.ARM.__AT_0x68000000)
    mem2mapbase                              0x68000020   Data           2  malloc.o(.ARM.__AT_0x68000020)



==============================================================================

Memory Map of the image

  Image Entry point : 0x08000131

  Load Region LR_IROM1 (Base: 0x08000000, Size: 0x000122b4, Max: 0x00080000, ABSOLUTE, COMPRESSED[0x0001214c])

    Execution Region ER_IROM1 (Base: 0x08000000, Size: 0x000120bc, Max: 0x00080000, ABSOLUTE)

    Base Addr    Size         Type   Attr      Idx    E Section Name        Object

    0x08000000   0x00000130   Data   RO         1322    RESET               startup_stm32f10x_hd.o
    0x08000130   0x00000008   Code   RO         5603  * !!!main             c_w.l(__main.o)
    0x08000138   0x00000034   Code   RO         5825    !!!scatter          c_w.l(__scatter.o)
    0x0800016c   0x0000005a   Code   RO         5823    !!dczerorl2         c_w.l(__dczerorl2.o)
    0x080001c6   0x00000002   PAD
    0x080001c8   0x0000001c   Code   RO         5827    !!handler_zi        c_w.l(__scatter_zi.o)
    0x080001e4   0x00000000   Code   RO         5590    .ARM.Collect$$_printf_percent$$00000000  c_w.l(_printf_percent.o)
    0x080001e4   0x00000006   Code   RO         5588    .ARM.Collect$$_printf_percent$$00000009  c_w.l(_printf_d.o)
    0x080001ea   0x00000006   Code   RO         5589    .ARM.Collect$$_printf_percent$$0000000A  c_w.l(_printf_u.o)
    0x080001f0   0x00000006   Code   RO         5587    .ARM.Collect$$_printf_percent$$0000000C  c_w.l(_printf_x.o)
    0x080001f6   0x00000006   Code   RO         5585    .ARM.Collect$$_printf_percent$$00000013  c_w.l(_printf_c.o)
    0x080001fc   0x00000006   Code   RO         5586    .ARM.Collect$$_printf_percent$$00000014  c_w.l(_printf_s.o)
    0x08000202   0x00000004   Code   RO         5648    .ARM.Collect$$_printf_percent$$00000017  c_w.l(_printf_percent_end.o)
    0x08000206   0x00000002   Code   RO         5694    .ARM.Collect$$libinit$$00000000  c_w.l(libinit.o)
    0x08000208   0x00000000   Code   RO         5705    .ARM.Collect$$libinit$$00000002  c_w.l(libinit2.o)
    0x08000208   0x00000000   Code   RO         5707    .ARM.Collect$$libinit$$00000004  c_w.l(libinit2.o)
    0x08000208   0x00000000   Code   RO         5710    .ARM.Collect$$libinit$$0000000A  c_w.l(libinit2.o)
    0x08000208   0x00000000   Code   RO         5712    .ARM.Collect$$libinit$$0000000C  c_w.l(libinit2.o)
    0x08000208   0x00000000   Code   RO         5714    .ARM.Collect$$libinit$$0000000E  c_w.l(libinit2.o)
    0x08000208   0x00000000   Code   RO         5717    .ARM.Collect$$libinit$$00000011  c_w.l(libinit2.o)
    0x08000208   0x00000000   Code   RO         5719    .ARM.Collect$$libinit$$00000013  c_w.l(libinit2.o)
    0x08000208   0x00000000   Code   RO         5721    .ARM.Collect$$libinit$$00000015  c_w.l(libinit2.o)
    0x08000208   0x00000000   Code   RO         5723    .ARM.Collect$$libinit$$00000017  c_w.l(libinit2.o)
    0x08000208   0x00000000   Code   RO         5725    .ARM.Collect$$libinit$$00000019  c_w.l(libinit2.o)
    0x08000208   0x00000000   Code   RO         5727    .ARM.Collect$$libinit$$0000001B  c_w.l(libinit2.o)
    0x08000208   0x00000000   Code   RO         5729    .ARM.Collect$$libinit$$0000001D  c_w.l(libinit2.o)
    0x08000208   0x00000000   Code   RO         5731    .ARM.Collect$$libinit$$0000001F  c_w.l(libinit2.o)
    0x08000208   0x00000000   Code   RO         5733    .ARM.Collect$$libinit$$00000021  c_w.l(libinit2.o)
    0x08000208   0x00000000   Code   RO         5735    .ARM.Collect$$libinit$$00000023  c_w.l(libinit2.o)
    0x08000208   0x00000000   Code   RO         5737    .ARM.Collect$$libinit$$00000025  c_w.l(libinit2.o)
    0x08000208   0x00000000   Code   RO         5741    .ARM.Collect$$libinit$$0000002C  c_w.l(libinit2.o)
    0x08000208   0x00000000   Code   RO         5743    .ARM.Collect$$libinit$$0000002E  c_w.l(libinit2.o)
    0x08000208   0x00000000   Code   RO         5745    .ARM.Collect$$libinit$$00000030  c_w.l(libinit2.o)
    0x08000208   0x00000000   Code   RO         5747    .ARM.Collect$$libinit$$00000032  c_w.l(libinit2.o)
    0x08000208   0x00000002   Code   RO         5748    .ARM.Collect$$libinit$$00000033  c_w.l(libinit2.o)
    0x0800020a   0x00000002   Code   RO         5776    .ARM.Collect$$libshutdown$$00000000  c_w.l(libshutdown.o)
    0x0800020c   0x00000000   Code   RO         5791    .ARM.Collect$$libshutdown$$00000003  c_w.l(libshutdown2.o)
    0x0800020c   0x00000000   Code   RO         5794    .ARM.Collect$$libshutdown$$00000006  c_w.l(libshutdown2.o)
    0x0800020c   0x00000000   Code   RO         5797    .ARM.Collect$$libshutdown$$00000009  c_w.l(libshutdown2.o)
    0x0800020c   0x00000000   Code   RO         5799    .ARM.Collect$$libshutdown$$0000000B  c_w.l(libshutdown2.o)
    0x0800020c   0x00000000   Code   RO         5802    .ARM.Collect$$libshutdown$$0000000E  c_w.l(libshutdown2.o)
    0x0800020c   0x00000002   Code   RO         5803    .ARM.Collect$$libshutdown$$0000000F  c_w.l(libshutdown2.o)
    0x0800020e   0x00000000   Code   RO         5635    .ARM.Collect$$rtentry$$00000000  c_w.l(__rtentry.o)
    0x0800020e   0x00000000   Code   RO         5659    .ARM.Collect$$rtentry$$00000002  c_w.l(__rtentry2.o)
    0x0800020e   0x00000006   Code   RO         5671    .ARM.Collect$$rtentry$$00000004  c_w.l(__rtentry4.o)
    0x08000214   0x00000000   Code   RO         5661    .ARM.Collect$$rtentry$$00000009  c_w.l(__rtentry2.o)
    0x08000214   0x00000004   Code   RO         5662    .ARM.Collect$$rtentry$$0000000A  c_w.l(__rtentry2.o)
    0x08000218   0x00000000   Code   RO         5664    .ARM.Collect$$rtentry$$0000000C  c_w.l(__rtentry2.o)
    0x08000218   0x00000008   Code   RO         5665    .ARM.Collect$$rtentry$$0000000D  c_w.l(__rtentry2.o)
    0x08000220   0x00000002   Code   RO         5698    .ARM.Collect$$rtexit$$00000000  c_w.l(rtexit.o)
    0x08000222   0x00000000   Code   RO         5750    .ARM.Collect$$rtexit$$00000002  c_w.l(rtexit2.o)
    0x08000222   0x00000004   Code   RO         5751    .ARM.Collect$$rtexit$$00000003  c_w.l(rtexit2.o)
    0x08000226   0x00000006   Code   RO         5752    .ARM.Collect$$rtexit$$00000004  c_w.l(rtexit2.o)
    0x0800022c   0x00000040   Code   RO         1323    .text               startup_stm32f10x_hd.o
    0x0800026c   0x00000002   Code   RO         5524    .text               c_w.l(use_no_semi_2.o)
    0x0800026e   0x00000048   Code   RO         5526    .text               c_w.l(llsdiv.o)
    0x080002b6   0x00000002   PAD
    0x080002b8   0x00000018   Code   RO         5532    .text               c_w.l(noretval__2printf.o)
    0x080002d0   0x00000028   Code   RO         5534    .text               c_w.l(noretval__2sprintf.o)
    0x080002f8   0x0000004e   Code   RO         5538    .text               c_w.l(_printf_pad.o)
    0x08000346   0x00000052   Code   RO         5540    .text               c_w.l(_printf_str.o)
    0x08000398   0x00000078   Code   RO         5542    .text               c_w.l(_printf_dec.o)
    0x08000410   0x00000058   Code   RO         5547    .text               c_w.l(_printf_hex_int.o)
    0x08000468   0x00000188   Code   RO         5582    .text               c_w.l(__printf_flags_ss_wp.o)
    0x080005f0   0x00000048   Code   RO         5591    .text               c_w.l(strcpy.o)
    0x08000638   0x0000008a   Code   RO         5597    .text               c_w.l(rt_memcpy_v6.o)
    0x080006c2   0x00000002   PAD
    0x080006c4   0x00000080   Code   RO         5599    .text               c_w.l(strcmpv7m.o)
    0x08000744   0x00000006   Code   RO         5601    .text               c_w.l(heapauxi.o)
    0x0800074a   0x00000002   Code   RO         5633    .text               c_w.l(use_no_semi.o)
    0x0800074c   0x000000ee   Code   RO         5636    .text               c_w.l(lludivv7m.o)
    0x0800083a   0x000000b2   Code   RO         5638    .text               c_w.l(_printf_intcommon.o)
    0x080008ec   0x00000030   Code   RO         5640    .text               c_w.l(_printf_char_common.o)
    0x0800091c   0x0000000a   Code   RO         5642    .text               c_w.l(_sputc.o)
    0x08000926   0x0000002c   Code   RO         5644    .text               c_w.l(_printf_char.o)
    0x08000952   0x00000002   PAD
    0x08000954   0x00000024   Code   RO         5646    .text               c_w.l(_printf_char_file.o)
    0x08000978   0x00000064   Code   RO         5649    .text               c_w.l(rt_memcpy_w.o)
    0x080009dc   0x00000008   Code   RO         5679    .text               c_w.l(ferror.o)
    0x080009e4   0x0000004a   Code   RO         5683    .text               c_w.l(sys_stackheap_outer.o)
    0x08000a2e   0x0000000c   Code   RO         5687    .text               c_w.l(exit.o)
    0x08000a3a   0x00000002   PAD
    0x08000a3c   0x00000008   Code   RO         5695    .text               c_w.l(libspace.o)
    0x08000a44   0x00000004   Code   RO          215    i.BusFault_Handler  stm32f10x_it.o
    0x08000a48   0x0000001c   Code   RO          732    i.ClearBitMask      rc522.o
    0x08000a64   0x00000030   Code   RO          881    i.CmdError          sdio_sdcard.o
    0x08000a94   0x00000060   Code   RO          882    i.CmdResp1Error     sdio_sdcard.o
    0x08000af4   0x00000054   Code   RO          883    i.CmdResp2Error     sdio_sdcard.o
    0x08000b48   0x00000038   Code   RO          884    i.CmdResp3Error     sdio_sdcard.o
    0x08000b80   0x00000090   Code   RO          885    i.CmdResp6Error     sdio_sdcard.o
    0x08000c10   0x0000004c   Code   RO          886    i.CmdResp7Error     sdio_sdcard.o
    0x08000c5c   0x00000018   Code   RO         2054    i.DMA_Cmd           stm32f10x_dma.o
    0x08000c74   0x0000014c   Code   RO         2055    i.DMA_DeInit        stm32f10x_dma.o
    0x08000dc0   0x0000003c   Code   RO         2060    i.DMA_Init          stm32f10x_dma.o
    0x08000dfc   0x00000002   Code   RO          216    i.DebugMon_Handler  stm32f10x_it.o
    0x08000dfe   0x00000002   PAD
    0x08000e00   0x0000003c   Code   RO          217    i.EXTI4_IRQHandler  stm32f10x_it.o
    0x08000e3c   0x00000046   Code   RO          341    i.EXTI8_Init        exti.o
    0x08000e82   0x00000002   PAD
    0x08000e84   0x00000048   Code   RO          342    i.EXTI9_5_IRQHandler  exti.o
    0x08000ecc   0x0000000c   Code   RO         2125    i.EXTI_ClearITPendingBit  stm32f10x_exti.o
    0x08000ed8   0x00000028   Code   RO         2129    i.EXTI_GetITStatus  stm32f10x_exti.o
    0x08000f00   0x00000094   Code   RO         2130    i.EXTI_Init         stm32f10x_exti.o
    0x08000f94   0x0000004c   Code   RO          343    i.EXTI_PE4_Config   exti.o
    0x08000fe0   0x00000034   Code   RO         2363    i.FSMC_NORSRAMCmd   stm32f10x_fsmc.o
    0x08001014   0x000000e6   Code   RO         2365    i.FSMC_NORSRAMInit  stm32f10x_fsmc.o
    0x080010fa   0x00000002   PAD
    0x080010fc   0x00000194   Code   RO          887    i.FindSCR           sdio_sdcard.o
    0x08001290   0x00000040   Code   RO         2475    i.GPIO_EXTILineConfig  stm32f10x_gpio.o
    0x080012d0   0x00000116   Code   RO         2478    i.GPIO_Init         stm32f10x_gpio.o
    0x080013e6   0x00000002   PAD
    0x080013e8   0x00000090   Code   RO         2480    i.GPIO_PinRemapConfig  stm32f10x_gpio.o
    0x08001478   0x00000012   Code   RO         2482    i.GPIO_ReadInputDataBit  stm32f10x_gpio.o
    0x0800148a   0x00000004   Code   RO         2485    i.GPIO_ResetBits    stm32f10x_gpio.o
    0x0800148e   0x00000004   Code   RO         2486    i.GPIO_SetBits      stm32f10x_gpio.o
    0x08001492   0x000000ac   Code   RO         5174    i.Get_HzMat         text.o
    0x0800153e   0x00000004   Code   RO          218    i.HardFault_Handler  stm32f10x_it.o
    0x08001542   0x00000004   Code   RO         1241    i.INTX_DISABLE      sys.o
    0x08001546   0x00000004   Code   RO         1242    i.INTX_ENABLE       sys.o
    0x0800154a   0x00000020   Code   RO          733    i.InitRc522         rc522.o
    0x0800156a   0x00000002   PAD
    0x0800156c   0x0000009c   Code   RO          888    i.IsCardProgramming  sdio_sdcard.o
    0x08001608   0x0000001a   Code   RO          396    i.LCD_BGR2RGB       lcd.o
    0x08001622   0x00000002   PAD
    0x08001624   0x0000006c   Code   RO          397    i.LCD_Clear         lcd.o
    0x08001690   0x000001a8   Code   RO          401    i.LCD_Display_Dir   lcd.o
    0x08001838   0x00000024   Code   RO          403    i.LCD_DrawPoint     lcd.o
    0x0800185c   0x0000011c   Code   RO          405    i.LCD_Fast_DrawPoint  lcd.o
    0x08001978   0x000000b8   Code   RO          406    i.LCD_Fill          lcd.o
    0x08001a30   0x00003714   Code   RO          407    i.LCD_Init          lcd.o
    0x08005144   0x0000000c   Code   RO          409    i.LCD_RD_DATA       lcd.o
    0x08005150   0x00000168   Code   RO          410    i.LCD_ReadPoint     lcd.o
    0x080052b8   0x00000016   Code   RO          411    i.LCD_ReadReg       lcd.o
    0x080052ce   0x00000002   PAD
    0x080052d0   0x000002c8   Code   RO          412    i.LCD_Scan_Dir      lcd.o
    0x08005598   0x0000010c   Code   RO          413    i.LCD_SetCursor     lcd.o
    0x080056a4   0x000001ac   Code   RO          414    i.LCD_Set_Window    lcd.o
    0x08005850   0x00000168   Code   RO          415    i.LCD_ShowChar      lcd.o
    0x080059b8   0x0000000c   Code   RO          419    i.LCD_WR_DATA       lcd.o
    0x080059c4   0x0000000c   Code   RO          420    i.LCD_WR_REG        lcd.o
    0x080059d0   0x00000014   Code   RO          422    i.LCD_WriteRAM_Prepare  lcd.o
    0x080059e4   0x00000010   Code   RO          423    i.LCD_WriteReg      lcd.o
    0x080059f4   0x0000005e   Code   RO          734    i.M500PcdConfigISOType  rc522.o
    0x08005a52   0x00000004   Code   RO          219    i.MemManage_Handler  stm32f10x_it.o
    0x08005a56   0x00000002   Code   RO          220    i.NMI_Handler       stm32f10x_it.o
    0x08005a58   0x00000028   Code   RO          344    i.NVIC_Configuration  exti.o
    0x08005a80   0x00000070   Code   RO         1327    i.NVIC_Init         misc.o
    0x08005af0   0x00000014   Code   RO         1328    i.NVIC_PriorityGroupConfig  misc.o
    0x08005b04   0x000000d0   Code   RO          611    i.OUTPUT_Init       output.o
    0x08005bd4   0x00000120   Code   RO          626    i.OV7670_Init       ov7670.o
    0x08005cf4   0x0000008a   Code   RO          629    i.OV7670_Window_Set  ov7670.o
    0x08005d7e   0x0000000c   Code   RO          735    i.PcdAntennaOff     rc522.o
    0x08005d8a   0x0000001a   Code   RO          736    i.PcdAntennaOn      rc522.o
    0x08005da4   0x00000070   Code   RO          737    i.PcdAnticoll       rc522.o
    0x08005e14   0x0000013e   Code   RO          739    i.PcdComMF522       rc522.o
    0x08005f52   0x00000056   Code   RO          742    i.PcdRequest        rc522.o
    0x08005fa8   0x00000078   Code   RO          743    i.PcdReset          rc522.o
    0x08006020   0x00000002   Code   RO          221    i.PendSV_Handler    stm32f10x_it.o
    0x08006022   0x00000002   PAD
    0x08006024   0x00000020   Code   RO         2893    i.RCC_AHBPeriphClockCmd  stm32f10x_rcc.o
    0x08006044   0x00000020   Code   RO         2894    i.RCC_APB1PeriphClockCmd  stm32f10x_rcc.o
    0x08006064   0x00000020   Code   RO         2896    i.RCC_APB2PeriphClockCmd  stm32f10x_rcc.o
    0x08006084   0x000000d4   Code   RO         2904    i.RCC_GetClocksFreq  stm32f10x_rcc.o
    0x08006158   0x00000034   Code   RO          746    i.ReadRawRC         rc522.o
    0x0800618c   0x00000070   Code   RO          677    i.SCCB_Init         sccb.o
    0x080061fc   0x00000048   Code   RO          678    i.SCCB_No_Ack       sccb.o
    0x08006244   0x00000074   Code   RO          679    i.SCCB_RD_Byte      sccb.o
    0x080062b8   0x0000004e   Code   RO          680    i.SCCB_RD_Reg       sccb.o
    0x08006306   0x00000002   PAD
    0x08006308   0x00000034   Code   RO          681    i.SCCB_Start        sccb.o
    0x0800633c   0x00000034   Code   RO          682    i.SCCB_Stop         sccb.o
    0x08006370   0x000000ac   Code   RO          683    i.SCCB_WR_Byte      sccb.o
    0x0800641c   0x0000003e   Code   RO          684    i.SCCB_WR_Reg       sccb.o
    0x0800645a   0x00000002   PAD
    0x0800645c   0x000000ac   Code   RO          889    i.SDEnWideBus       sdio_sdcard.o
    0x08006508   0x0000000c   Code   RO         3183    i.SDIO_ClearFlag    stm32f10x_sdio.o
    0x08006514   0x0000000c   Code   RO         3185    i.SDIO_ClockCmd     stm32f10x_sdio.o
    0x08006520   0x00000014   Code   RO          890    i.SDIO_Clock_Set    sdio_sdcard.o
    0x08006534   0x0000000c   Code   RO         3188    i.SDIO_DMACmd       stm32f10x_sdio.o
    0x08006540   0x00000030   Code   RO         3189    i.SDIO_DataConfig   stm32f10x_sdio.o
    0x08006570   0x00000024   Code   RO         3191    i.SDIO_DeInit       stm32f10x_sdio.o
    0x08006594   0x00000018   Code   RO         3195    i.SDIO_GetFlagStatus  stm32f10x_sdio.o
    0x080065ac   0x00000010   Code   RO         3197    i.SDIO_GetPowerState  stm32f10x_sdio.o
    0x080065bc   0x00000008   Code   RO          891    i.SDIO_IRQHandler   sdio_sdcard.o
    0x080065c4   0x00000030   Code   RO         3200    i.SDIO_Init         stm32f10x_sdio.o
    0x080065f4   0x0000000c   Code   RO         3201    i.SDIO_ReadData     stm32f10x_sdio.o
    0x08006600   0x0000002c   Code   RO         3203    i.SDIO_SendCommand  stm32f10x_sdio.o
    0x0800662c   0x0000001c   Code   RO         3205    i.SDIO_SetPowerState  stm32f10x_sdio.o
    0x08006648   0x0000000c   Code   RO         3211    i.SDIO_WriteData    stm32f10x_sdio.o
    0x08006654   0x00000068   Code   RO          892    i.SD_DMA_Config     sdio_sdcard.o
    0x080066bc   0x00000068   Code   RO          893    i.SD_EnableWideBusOperation  sdio_sdcard.o
    0x08006724   0x00000314   Code   RO          894    i.SD_GetCardInfo    sdio_sdcard.o
    0x08006a38   0x00000100   Code   RO          896    i.SD_Init           sdio_sdcard.o
    0x08006b38   0x00000154   Code   RO          897    i.SD_InitializeCards  sdio_sdcard.o
    0x08006c8c   0x000001dc   Code   RO          899    i.SD_PowerON        sdio_sdcard.o
    0x08006e68   0x0000013c   Code   RO          900    i.SD_ProcessIRQSrc  sdio_sdcard.o
    0x08006fa4   0x00000258   Code   RO          901    i.SD_ReadBlock      sdio_sdcard.o
    0x080071fc   0x00000098   Code   RO          902    i.SD_ReadDisk       sdio_sdcard.o
    0x08007294   0x000002e8   Code   RO          903    i.SD_ReadMultiBlocks  sdio_sdcard.o
    0x0800757c   0x00000030   Code   RO          904    i.SD_SelectDeselect  sdio_sdcard.o
    0x080075ac   0x00000018   Code   RO          906    i.SD_SetDeviceMode  sdio_sdcard.o
    0x080075c4   0x00000374   Code   RO          907    i.SD_WriteBlock     sdio_sdcard.o
    0x08007938   0x00000098   Code   RO          908    i.SD_WriteDisk      sdio_sdcard.o
    0x080079d0   0x000003c0   Code   RO          909    i.SD_WriteMultiBlocks  sdio_sdcard.o
    0x08007d90   0x000000b4   Code   RO          748    i.SPI2Init          rc522.o
    0x08007e44   0x00000034   Code   RO          751    i.SPIWriteByte      rc522.o
    0x08007e78   0x00000018   Code   RO         3373    i.SPI_Cmd           stm32f10x_spi.o
    0x08007e90   0x0000003c   Code   RO         3386    i.SPI_Init          stm32f10x_spi.o
    0x08007ecc   0x00000002   Code   RO          222    i.SVC_Handler       stm32f10x_it.o
    0x08007ece   0x0000001c   Code   RO          752    i.SetBitMask        rc522.o
    0x08007eea   0x00000008   Code   RO          292    i.SetSysClock       system_stm32f10x.o
    0x08007ef2   0x00000002   PAD
    0x08007ef4   0x000000e0   Code   RO          293    i.SetSysClockTo72   system_stm32f10x.o
    0x08007fd4   0x000000c8   Code   RO         5175    i.Show_Font         text.o
    0x0800809c   0x000000c2   Code   RO         5176    i.Show_Str          text.o
    0x0800815e   0x00000028   Code   RO         1331    i.SysTick_CLKSourceConfig  misc.o
    0x08008186   0x00000002   Code   RO          223    i.SysTick_Handler   stm32f10x_it.o
    0x08008188   0x00000060   Code   RO          295    i.SystemInit        system_stm32f10x.o
    0x080081e8   0x00000030   Code   RO         1109    i.TIM3_IRQHandler   timer.o
    0x08008218   0x00000038   Code   RO         4971    i.TIM4_IRQHandler   usmart.o
    0x08008250   0x000000c0   Code   RO         1113    i.TIM5_IRQHandler   timer.o
    0x08008310   0x00000040   Code   RO         1114    i.TIM6_IRQHandler   timer.o
    0x08008350   0x00000060   Code   RO         1115    i.TIM6_Int_Init     timer.o
    0x080083b0   0x00000006   Code   RO         3522    i.TIM_ClearFlag     stm32f10x_tim.o
    0x080083b6   0x00000006   Code   RO         3523    i.TIM_ClearITPendingBit  stm32f10x_tim.o
    0x080083bc   0x00000018   Code   RO         3528    i.TIM_Cmd           stm32f10x_tim.o
    0x080083d4   0x00000006   Code   RO         3543    i.TIM_GetCapture1   stm32f10x_tim.o
    0x080083da   0x00000006   Code   RO         3547    i.TIM_GetCounter    stm32f10x_tim.o
    0x080083e0   0x00000012   Code   RO         3548    i.TIM_GetFlagStatus  stm32f10x_tim.o
    0x080083f2   0x00000022   Code   RO         3549    i.TIM_GetITStatus   stm32f10x_tim.o
    0x08008414   0x00000012   Code   RO         3553    i.TIM_ITConfig      stm32f10x_tim.o
    0x08008426   0x00000012   Code   RO         3559    i.TIM_OC1PolarityConfig  stm32f10x_tim.o
    0x08008438   0x00000004   Code   RO         3587    i.TIM_SetAutoreload  stm32f10x_tim.o
    0x0800843c   0x00000004   Code   RO         3593    i.TIM_SetCounter    stm32f10x_tim.o
    0x08008440   0x000000a4   Code   RO         3599    i.TIM_TimeBaseInit  stm32f10x_tim.o
    0x080084e4   0x0000005c   Code   RO         4972    i.Timer4_Init       usmart.o
    0x08008540   0x00000088   Code   RO         1269    i.USART1_IRQHandler  usart.o
    0x080085c8   0x00000018   Code   RO         4064    i.USART_Cmd         stm32f10x_usart.o
    0x080085e0   0x00000054   Code   RO         4068    i.USART_GetITStatus  stm32f10x_usart.o
    0x08008634   0x0000004a   Code   RO         4070    i.USART_ITConfig    stm32f10x_usart.o
    0x0800867e   0x00000002   PAD
    0x08008680   0x000000d8   Code   RO         4071    i.USART_Init        stm32f10x_usart.o
    0x08008758   0x0000000a   Code   RO         4078    i.USART_ReceiveData  stm32f10x_usart.o
    0x08008762   0x00000004   Code   RO          224    i.UsageFault_Handler  stm32f10x_it.o
    0x08008766   0x00000002   PAD
    0x08008768   0x0000002c   Code   RO          753    i.WriteRawRC        rc522.o
    0x08008794   0x0000000e   Code   RO         5575    i._is_digit         c_w.l(__printf_wp.o)
    0x080087a2   0x00000006   Code   RO         1270    i._sys_exit         usart.o
    0x080087a8   0x0000010c   Code   RO         5337    i.ai_draw_init      piclib.o
    0x080088b4   0x000000d0   Code   RO         5338    i.ai_load_picfile   piclib.o
    0x08008984   0x0000001e   Code   RO         5403    i.alloc_pool        tjpgd.o
    0x080089a2   0x00000090   Code   RO         5404    i.bitext            tjpgd.o
    0x08008a32   0x00000002   PAD
    0x08008a34   0x000002a8   Code   RO         5405    i.block_idct        tjpgd.o
    0x08008cdc   0x000001f0   Code   RO         5204    i.bmp_encode        bmp.o
    0x08008ecc   0x00000050   Code   RO            1    i.camera_new_pathname  main.o
    0x08008f1c   0x00000130   Code   RO            2    i.camera_refresh    main.o
    0x0800904c   0x0000001a   Code   RO         4768    i.char_upper        exfuns.o
    0x08009066   0x00000002   PAD
    0x08009068   0x00000090   Code   RO         4424    i.check_fs          ff.o
    0x080090f8   0x00000014   Code   RO         4425    i.chk_chr           ff.o
    0x0800910c   0x00000032   Code   RO         4426    i.clmt_clust        ff.o
    0x0800913e   0x0000001a   Code   RO         4427    i.clust2sect        ff.o
    0x08009158   0x00000090   Code   RO         4428    i.cmp_lfn           ff.o
    0x080091e8   0x00000012   Code   RO          910    i.convert_from_bytes_to_power_of_two  sdio_sdcard.o
    0x080091fa   0x000000d6   Code   RO         4429    i.create_chain      ff.o
    0x080092d0   0x00000134   Code   RO         5406    i.create_huffman_tbl  tjpgd.o
    0x08009404   0x00000270   Code   RO         4430    i.create_name       ff.o
    0x08009674   0x00000074   Code   RO         5407    i.create_qt_tbl     tjpgd.o
    0x080096e8   0x00000044   Code   RO         1214    i.delay_init        delay.o
    0x0800972c   0x0000004c   Code   RO         1215    i.delay_ms          delay.o
    0x08009778   0x00000012   Code   RO          754    i.delay_ns          rc522.o
    0x0800978a   0x00000002   PAD
    0x0800978c   0x0000004c   Code   RO         1216    i.delay_us          delay.o
    0x080097d8   0x0000005c   Code   RO         4431    i.dir_alloc         ff.o
    0x08009834   0x000000ea   Code   RO         4432    i.dir_find          ff.o
    0x0800991e   0x0000010e   Code   RO         4433    i.dir_next          ff.o
    0x08009a2c   0x000000c6   Code   RO         4434    i.dir_read          ff.o
    0x08009af2   0x0000012a   Code   RO         4435    i.dir_register      ff.o
    0x08009c1c   0x0000009e   Code   RO         4437    i.dir_sdi           ff.o
    0x08009cba   0x00000002   PAD
    0x08009cbc   0x00000034   Code   RO         4364    i.disk_initialize   diskio.o
    0x08009cf0   0x000000b4   Code   RO         4365    i.disk_ioctl        diskio.o
    0x08009da4   0x0000006e   Code   RO         4366    i.disk_read         diskio.o
    0x08009e12   0x00000006   Code   RO         4367    i.disk_status       diskio.o
    0x08009e18   0x0000006e   Code   RO         4368    i.disk_write        diskio.o
    0x08009e86   0x00000002   PAD
    0x08009e88   0x00000084   Code   RO         4770    i.exfuns_init       exfuns.o
    0x08009f0c   0x00000020   Code   RO         4439    i.f_close           ff.o
    0x08009f2c   0x000002ac   Code   RO         4444    i.f_lseek           ff.o
    0x0800a1d8   0x0000017c   Code   RO         4445    i.f_mkdir           ff.o
    0x0800a354   0x0000005c   Code   RO         4447    i.f_mount           ff.o
    0x0800a3b0   0x00000180   Code   RO         4448    i.f_open            ff.o
    0x0800a530   0x00000088   Code   RO         4449    i.f_opendir         ff.o
    0x0800a5b8   0x000001b0   Code   RO         4453    i.f_read            ff.o
    0x0800a768   0x00000072   Code   RO         4454    i.f_readdir         ff.o
    0x0800a7da   0x000000b0   Code   RO         4458    i.f_sync            ff.o
    0x0800a88a   0x00000002   PAD
    0x0800a88c   0x000000c0   Code   RO         4771    i.f_typetell        exfuns.o
    0x0800a94c   0x000001ea   Code   RO         4462    i.f_write           ff.o
    0x0800ab36   0x00000002   PAD
    0x0800ab38   0x00000080   Code   RO         4952    i.ff_convert        mycc936.o
    0x0800abb8   0x0000000e   Code   RO         4369    i.ff_memalloc       diskio.o
    0x0800abc6   0x0000000e   Code   RO         4370    i.ff_memfree        diskio.o
    0x0800abd4   0x00000038   Code   RO         4953    i.ff_wtoupper       mycc936.o
    0x0800ac0c   0x00000394   Code   RO         4463    i.find_volume       ff.o
    0x0800afa0   0x00000080   Code   RO         4464    i.fit_lfn           ff.o
    0x0800b020   0x00000090   Code   RO         4465    i.follow_path       ff.o
    0x0800b0b0   0x0000001c   Code   RO         1271    i.fputc             usart.o
    0x0800b0cc   0x000000cc   Code   RO         4466    i.gen_numname       ff.o
    0x0800b198   0x000000f2   Code   RO         4467    i.get_fat           ff.o
    0x0800b28a   0x00000004   Code   RO         4371    i.get_fattime       diskio.o
    0x0800b28e   0x00000110   Code   RO         4468    i.get_fileinfo      ff.o
    0x0800b39e   0x0000004a   Code   RO         4469    i.get_ldnumber      ff.o
    0x0800b3e8   0x00000058   Code   RO         5228    i.gif_check_head    gif.o
    0x0800b440   0x000001f4   Code   RO         5229    i.gif_clear2bkcolor  gif.o
    0x0800b634   0x0000012c   Code   RO         5230    i.gif_decode        gif.o
    0x0800b760   0x00000228   Code   RO         5231    i.gif_dispimage     gif.o
    0x0800b988   0x00000154   Code   RO         5232    i.gif_drawimage     gif.o
    0x0800badc   0x00000060   Code   RO         5233    i.gif_getdatablock  gif.o
    0x0800bb3c   0x00000046   Code   RO         5234    i.gif_getinfo       gif.o
    0x0800bb82   0x00000358   Code   RO         5235    i.gif_getnextbyte   gif.o
    0x0800beda   0x00000002   PAD
    0x0800bedc   0x000001c8   Code   RO         5236    i.gif_getnextcode   gif.o
    0x0800c0a4   0x0000001c   Code   RO         5237    i.gif_getrgb565     gif.o
    0x0800c0c0   0x00000098   Code   RO         5238    i.gif_initlzw       gif.o
    0x0800c158   0x00000040   Code   RO         5240    i.gif_readcolortbl  gif.o
    0x0800c198   0x000000a0   Code   RO         5241    i.gif_readextension  gif.o
    0x0800c238   0x00000026   Code   RO         5242    i.gif_recovergctbl  gif.o
    0x0800c25e   0x00000026   Code   RO         5243    i.gif_savegctbl     gif.o
    0x0800c284   0x000000c0   Code   RO         5408    i.huffext           tjpgd.o
    0x0800c344   0x00000028   Code   RO         5339    i.is_element_ok     piclib.o
    0x0800c36c   0x000000a2   Code   RO         5409    i.jd_decomp         tjpgd.o
    0x0800c40e   0x0000039c   Code   RO         5410    i.jd_prepare        tjpgd.o
    0x0800c7aa   0x00000002   PAD
    0x0800c7ac   0x00000028   Code   RO         5411    i.jpeg_freeall      tjpgd.o
    0x0800c7d4   0x00000030   Code   RO         5412    i.jpeg_in_func      tjpgd.o
    0x0800c804   0x00000054   Code   RO         5413    i.jpeg_mallocall    tjpgd.o
    0x0800c858   0x00000054   Code   RO         5414    i.jpeg_out_func_fill  tjpgd.o
    0x0800c8ac   0x000000c0   Code   RO         5415    i.jpeg_out_func_point  tjpgd.o
    0x0800c96c   0x00000104   Code   RO         5416    i.jpg_decode        tjpgd.o
    0x0800ca70   0x00000020   Code   RO         4470    i.ld_clust          ff.o
    0x0800ca90   0x00000570   Code   RO            3    i.main              main.o
    0x0800d000   0x000001e0   Code   RO         5417    i.mcu_load          tjpgd.o
    0x0800d1e0   0x00000394   Code   RO         5418    i.mcu_output        tjpgd.o
    0x0800d574   0x00000026   Code   RO         4471    i.mem_cmp           ff.o
    0x0800d59a   0x0000001a   Code   RO         4472    i.mem_cpy           ff.o
    0x0800d5b4   0x00000014   Code   RO         4473    i.mem_set           ff.o
    0x0800d5c8   0x00000090   Code   RO         4825    i.mf_scan_files     fattester.o
    0x0800d658   0x000003d0   Code   RO         5205    i.minibmp_decode    bmp.o
    0x0800da28   0x00000034   Code   RO         4474    i.move_window       ff.o
    0x0800da5c   0x0000006c   Code   RO         4294    i.my_mem_free       malloc.o
    0x0800dac8   0x00000044   Code   RO         4295    i.my_mem_init       malloc.o
    0x0800db0c   0x000000a8   Code   RO         4296    i.my_mem_malloc     malloc.o
    0x0800dbb4   0x00000040   Code   RO         4297    i.my_mem_perused    malloc.o
    0x0800dbf4   0x00000024   Code   RO         4298    i.myfree            malloc.o
    0x0800dc18   0x00000028   Code   RO         4299    i.mymalloc          malloc.o
    0x0800dc40   0x00000014   Code   RO         4301    i.mymemset          malloc.o
    0x0800dc54   0x0000000e   Code   RO          424    i.opt_delay         lcd.o
    0x0800dc62   0x0000000e   Code   RO         5340    i.pic_memalloc      piclib.o
    0x0800dc70   0x0000000e   Code   RO         5341    i.pic_memfree       piclib.o
    0x0800dc7e   0x00000002   PAD
    0x0800dc80   0x00000074   Code   RO         4475    i.pick_lfn          ff.o
    0x0800dcf4   0x00000030   Code   RO         5342    i.piclib_alpha_blend  piclib.o
    0x0800dd24   0x00000142   Code   RO         4476    i.put_fat           ff.o
    0x0800de66   0x00000006   Code   RO         4973    i.read_addr         usmart.o
    0x0800de6c   0x0000006c   Code   RO         4478    i.remove_chain      ff.o
    0x0800ded8   0x00000070   Code   RO         5419    i.restart           tjpgd.o
    0x0800df48   0x00000010   Code   RO         4479    i.st_clust          ff.o
    0x0800df58   0x000002d0   Code   RO         5206    i.stdbmp_decode     bmp.o
    0x0800e228   0x00000020   Code   RO         4480    i.sum_sfn           ff.o
    0x0800e248   0x000000c8   Code   RO         4481    i.sync_fs           ff.o
    0x0800e310   0x00000052   Code   RO         4482    i.sync_window       ff.o
    0x0800e362   0x00000002   PAD
    0x0800e364   0x000000a0   Code   RO         1272    i.uart_init         usart.o
    0x0800e404   0x000000b0   Code   RO         4974    i.usmart_cmd_rec    usmart.o
    0x0800e4b4   0x000002d4   Code   RO         4975    i.usmart_exe        usmart.o
    0x0800e788   0x000000c8   Code   RO         5060    i.usmart_get_aparm  usmart_str.o
    0x0800e850   0x00000036   Code   RO         5061    i.usmart_get_cmdname  usmart_str.o
    0x0800e886   0x00000002   PAD
    0x0800e888   0x000001c0   Code   RO         5062    i.usmart_get_fname  usmart_str.o
    0x0800ea48   0x0000010c   Code   RO         5063    i.usmart_get_fparam  usmart_str.o
    0x0800eb54   0x00000020   Code   RO         5064    i.usmart_get_parmpos  usmart_str.o
    0x0800eb74   0x00000044   Code   RO         4976    i.usmart_get_runtime  usmart.o
    0x0800ebb8   0x00000028   Code   RO         4977    i.usmart_init       usmart.o
    0x0800ebe0   0x00000016   Code   RO         5065    i.usmart_pow        usmart_str.o
    0x0800ebf6   0x00000002   PAD
    0x0800ebf8   0x00000030   Code   RO         4978    i.usmart_reset_runtime  usmart.o
    0x0800ec28   0x000000bc   Code   RO         4979    i.usmart_scan       usmart.o
    0x0800ece4   0x00000016   Code   RO         5066    i.usmart_search_nextc  usmart_str.o
    0x0800ecfa   0x000000ca   Code   RO         5067    i.usmart_str2num    usmart_str.o
    0x0800edc4   0x00000022   Code   RO         5068    i.usmart_strcmp     usmart_str.o
    0x0800ede6   0x00000016   Code   RO         5069    i.usmart_strcopy    usmart_str.o
    0x0800edfc   0x00000018   Code   RO         5070    i.usmart_strlen     usmart_str.o
    0x0800ee14   0x000006e4   Code   RO         4980    i.usmart_sys_cmd_exe  usmart.o
    0x0800f4f8   0x00000036   Code   RO         4483    i.validate          ff.o
    0x0800f52e   0x00000004   Code   RO         4981    i.write_addr        usmart.o
    0x0800f532   0x00000002   PAD
    0x0800f534   0x000000c4   Code   RO         5605    x$fpl$fadd          fz_ws.l(faddsub_clz.o)
    0x0800f5f8   0x00000018   Code   RO         5651    x$fpl$fcmpinf       fz_ws.l(fcmpi.o)
    0x0800f610   0x00000184   Code   RO         5612    x$fpl$fdiv          fz_ws.l(fdiv.o)
    0x0800f794   0x0000003e   Code   RO         5617    x$fpl$ffixu         fz_ws.l(ffixu.o)
    0x0800f7d2   0x00000002   PAD
    0x0800f7d4   0x00000026   Code   RO         5621    x$fpl$ffltu         fz_ws.l(fflt_clz.o)
    0x0800f7fa   0x00000002   PAD
    0x0800f7fc   0x00000068   Code   RO         5627    x$fpl$fleqf         fz_ws.l(fleqf.o)
    0x0800f864   0x00000102   Code   RO         5629    x$fpl$fmul          fz_ws.l(fmul.o)
    0x0800f966   0x0000008c   Code   RO         5653    x$fpl$fnaninf       fz_ws.l(fnaninf.o)
    0x0800f9f2   0x0000000a   Code   RO         5655    x$fpl$fretinf       fz_ws.l(fretinf.o)
    0x0800f9fc   0x00000062   Code   RO         5631    x$fpl$frleqf        fz_ws.l(frleqf.o)
    0x0800fa5e   0x00000002   PAD
    0x0800fa60   0x000000ea   Code   RO         5607    x$fpl$fsub          fz_ws.l(faddsub_clz.o)
    0x0800fb4a   0x00000000   Code   RO         5657    x$fpl$usenofp       fz_ws.l(usenofp.o)
    0x0800fb4a   0x000017c0   Data   RO          426    .constdata          lcd.o
    0x0801130a   0x00000150   Data   RO          630    .constdata          ov7670.o
    0x0801145a   0x00000002   PAD
    0x0801145c   0x00000018   Data   RO         4306    .constdata          malloc.o
    0x08011474   0x0000003a   Data   RO         4484    .constdata          ff.o
    0x080114ae   0x00000002   PAD
    0x080114b0   0x00000138   Data   RO         4773    .constdata          exfuns.o
    0x080115e8   0x000003c0   Data   RO         4954    .constdata          mycc936.o
    0x080119a8   0x00000028   Data   RO         5244    .constdata          gif.o
    0x080119d0   0x000004c0   Data   RO         5420    .constdata          tjpgd.o
    0x08011e90   0x00000028   Data   RO         5548    .constdata          c_w.l(_printf_hex_int.o)
    0x08011eb8   0x00000011   Data   RO         5583    .constdata          c_w.l(__printf_flags_ss_wp.o)
    0x08011ec9   0x00000003   PAD
    0x08011ecc   0x00000064   Data   RO         4774    .conststring        exfuns.o
    0x08011f30   0x00000028   Data   RO         4982    .conststring        usmart.o
    0x08011f58   0x00000144   Data   RO         5047    .conststring        usmart_config.o
    0x0801209c   0x00000020   Data   RO         5821    Region$$Table       anon$$obj.o


    Execution Region RW_IRAM1 (Base: 0x20000000, Size: 0x0000b6a8, Max: 0x00010000, ABSOLUTE, COMPRESSED[0x00000090])

    Base Addr    Size         Type   Attr      Idx    E Section Name        Object

    0x20000000   0x00000009   Data   RW          226    .data               stm32f10x_it.o
    0x20000009   0x00000003   PAD
    0x2000000c   0x00000014   Data   RW          296    .data               system_stm32f10x.o
    0x20000020   0x00000001   Data   RW          345    .data               exti.o
    0x20000021   0x00000001   PAD
    0x20000022   0x00000004   Data   RW          427    .data               lcd.o
    0x20000026   0x00000002   PAD
    0x20000028   0x00000010   Data   RW          912    .data               sdio_sdcard.o
    0x20000038   0x00000005   Data   RW         1117    .data               timer.o
    0x2000003d   0x00000001   PAD
    0x2000003e   0x00000004   Data   RW         1217    .data               delay.o
    0x20000042   0x00000002   PAD
    0x20000044   0x00000006   Data   RW         1274    .data               usart.o
    0x2000004a   0x00000014   Data   RW         2924    .data               stm32f10x_rcc.o
    0x2000005e   0x00000002   PAD
    0x20000060   0x0000001c   Data   RW         4307    .data               malloc.o
    0x2000007c   0x00000002   Data   RW         4372    .data               diskio.o
    0x2000007e   0x00000002   PAD
    0x20000080   0x0000000a   Data   RW         4485    .data               ff.o
    0x2000008a   0x00000002   PAD
    0x2000008c   0x0000001c   Data   RW         4775    .data               exfuns.o
    0x200000a8   0x0000001c   Data   RW         4983    .data               usmart.o
    0x200000c4   0x00000124   Data   RW         5048    .data               usmart_config.o
    0x200001e8   0x00000001   Data   RW         5245    .data               gif.o
    0x200001e9   0x00000003   PAD
    0x200001ec   0x0000000c   Data   RW         5421    .data               tjpgd.o
    0x200001f8   0x0000000e   Zero   RW          425    .bss                lcd.o
    0x20000206   0x00000002   PAD
    0x20000208   0x000002c0   Zero   RW          911    .bss                sdio_sdcard.o
    0x200004c8   0x000000c8   Zero   RW         1273    .bss                usart.o
    0x20000590   0x00000010   PAD
    0x200005a0   0x0000aa00   Zero   RW         4305    .bss                malloc.o
    0x2000afa0   0x00000044   Zero   RW         4772    .bss                exfuns.o
    0x2000afe4   0x00000021   Zero   RW         5136    .bss                fontupd.o
    0x2000b005   0x00000003   PAD
    0x2000b008   0x0000003c   Zero   RW         5346    .bss                piclib.o
    0x2000b044   0x00000060   Zero   RW         5696    .bss                c_w.l(libspace.o)
    0x2000b0a4   0x00000004   PAD
    0x2000b0a8   0x00000200   Zero   RW         1321    HEAP                startup_stm32f10x_hd.o
    0x2000b2a8   0x00000400   Zero   RW         1320    STACK               startup_stm32f10x_hd.o



  Load Region LR$$.ARM.__AT_0x68000000 (Base: 0x68000000, Size: 0x00000000, Max: 0x00000020, ABSOLUTE)

    Execution Region ER$$.ARM.__AT_0x68000000 (Base: 0x68000000, Size: 0x00000020, Max: 0x00000020, ABSOLUTE, UNINIT)

    Base Addr    Size         Type   Attr      Idx    E Section Name        Object

    0x68000000   0x00000020   Zero   RW         4303    .ARM.__AT_0x68000000  malloc.o



  Load Region LR$$.ARM.__AT_0x68000020 (Base: 0x68000020, Size: 0x00000000, Max: 0x00000004, ABSOLUTE)

    Execution Region ER$$.ARM.__AT_0x68000020 (Base: 0x68000020, Size: 0x00000004, Max: 0x00000004, ABSOLUTE, UNINIT)

    Base Addr    Size         Type   Attr      Idx    E Section Name        Object

    0x68000020   0x00000002   Zero   RW         4304    .ARM.__AT_0x68000020  malloc.o


==============================================================================

Image component sizes


      Code (inc. data)   RO Data    RW Data    ZI Data      Debug   Object Name

      2192         28          0          0          0       5654   bmp.o
       220         26          0          4          0       1571   delay.o
       490         14          0          2          0       6020   diskio.o
       350         22        412         28         68       2800   exfuns.o
       258         22          0          1          0       2153   exti.o
       144         24          0          0          0       1160   fattester.o
      8470         68         58         10          0      40633   ff.o
         0          0          0          0         33       1381   fontupd.o
      3738         26         40          1          0      13625   gif.o
     17398        206       6080          4         14      22945   lcd.o
      1776        396          0          0          0     308878   main.o
       504         60         24         28      43554       5649   malloc.o
       172         22          0          0          0       1985   misc.o
       184         16        960          0          0       1723   mycc936.o
       208         14          0          0          0        558   output.o
       426         30        336          0          0       1988   ov7670.o
       592         28          0          0         60       5061   piclib.o
      1202         34          0          0          0       8828   rc522.o
       716         80          0          0          0       4145   sccb.o
      7230        386          0         16        704      31866   sdio_sdcard.o
        64         26        304          0       1536        824   startup_stm32f10x_hd.o
       416          8          0          0          0       3350   stm32f10x_dma.o
       200         18          0          0          0       2024   stm32f10x_exti.o
       282          6          0          0          0       1765   stm32f10x_fsmc.o
       512         10          0          0          0       4952   stm32f10x_gpio.o
        86         16          0          9          0       4822   stm32f10x_it.o
       308         38          0         20          0       4898   stm32f10x_rcc.o
       304         72          0          0          0       7762   stm32f10x_sdio.o
        84          0          0          0          0       2085   stm32f10x_spi.o
       308         42          0          0          0       7146   stm32f10x_tim.o
       408          6          0          0          0       4838   stm32f10x_usart.o
         8          0          0          0          0        805   sys.o
       328         28          0         20          0       2181   system_stm32f10x.o
       566         10          0          0          0       3059   text.o
       400         56          0          5          0       2410   timer.o
      4772        126       1216         12          0      21437   tjpgd.o
       330         26          0          6        200       3956   usart.o
      3166       1330         40         28          0       7114   usmart.o
         0          0        324        292          0       1488   usmart_config.o
      1328         20          0          0          0       7921   usmart_str.o

    ----------------------------------------------------------------------
     60194       3340       9830        504      46192     563460   Object Totals
         0          0         32          0          0          0   (incl. Generated)
        54          0          4         18         23          0   (incl. Padding)

    ----------------------------------------------------------------------

      Code (inc. data)   RO Data    RW Data    ZI Data      Debug   Library Member Name

        90          0          0          0          0          0   __dczerorl2.o
         8          0          0          0          0         68   __main.o
       392          4         17          0          0         92   __printf_flags_ss_wp.o
        14          0          0          0          0         68   __printf_wp.o
         0          0          0          0          0          0   __rtentry.o
        12          0          0          0          0          0   __rtentry2.o
         6          0          0          0          0          0   __rtentry4.o
        52          8          0          0          0          0   __scatter.o
        28          0          0          0          0          0   __scatter_zi.o
         6          0          0          0          0          0   _printf_c.o
        44          0          0          0          0        108   _printf_char.o
        48          6          0          0          0         96   _printf_char_common.o
        36          4          0          0          0         80   _printf_char_file.o
         6          0          0          0          0          0   _printf_d.o
       120         16          0          0          0         92   _printf_dec.o
        88          4         40          0          0         88   _printf_hex_int.o
       178          0          0          0          0         88   _printf_intcommon.o
        78          0          0          0          0        108   _printf_pad.o
         0          0          0          0          0          0   _printf_percent.o
         4          0          0          0          0          0   _printf_percent_end.o
         6          0          0          0          0          0   _printf_s.o
        82          0          0          0          0         80   _printf_str.o
         6          0          0          0          0          0   _printf_u.o
         6          0          0          0          0          0   _printf_x.o
        10          0          0          0          0         68   _sputc.o
        12          0          0          0          0         72   exit.o
         8          0          0          0          0         68   ferror.o
         6          0          0          0          0        152   heapauxi.o
         2          0          0          0          0          0   libinit.o
         2          0          0          0          0          0   libinit2.o
         2          0          0          0          0          0   libshutdown.o
         2          0          0          0          0          0   libshutdown2.o
         8          4          0          0         96         68   libspace.o
        72          0          0          0          0         76   llsdiv.o
       238          0          0          0          0        100   lludivv7m.o
        24          4          0          0          0         84   noretval__2printf.o
        40          6          0          0          0         84   noretval__2sprintf.o
       138          0          0          0          0         68   rt_memcpy_v6.o
       100          0          0          0          0         80   rt_memcpy_w.o
         2          0          0          0          0          0   rtexit.o
        10          0          0          0          0          0   rtexit2.o
       128          0          0          0          0         68   strcmpv7m.o
        72          0          0          0          0         80   strcpy.o
        74          0          0          0          0         80   sys_stackheap_outer.o
         2          0          0          0          0         68   use_no_semi.o
         2          0          0          0          0         68   use_no_semi_2.o
       430          8          0          0          0        168   faddsub_clz.o
        24          0          0          0          0         68   fcmpi.o
       388         76          0          0          0         96   fdiv.o
        62          4          0          0          0         84   ffixu.o
        38          0          0          0          0         68   fflt_clz.o
       104          4          0          0          0         84   fleqf.o
       258          4          0          0          0         84   fmul.o
       140          4          0          0          0         84   fnaninf.o
        10          0          0          0          0         68   fretinf.o
        98          0          0          0          0         68   frleqf.o
         0          0          0          0          0          0   usenofp.o

    ----------------------------------------------------------------------
      3832        156         60          0        100       3124   Library Totals
        16          0          3          0          4          0   (incl. Padding)

    ----------------------------------------------------------------------

      Code (inc. data)   RO Data    RW Data    ZI Data      Debug   Library Name

      2264         56         57          0         96       2252   c_w.l
      1552        100          0          0          0        872   fz_ws.l

    ----------------------------------------------------------------------
      3832        156         60          0        100       3124   Library Totals

    ----------------------------------------------------------------------

==============================================================================


      Code (inc. data)   RO Data    RW Data    ZI Data      Debug   

     64026       3496       9890        504      46292     550148   Grand Totals
     64026       3496       9890        144      46292     550148   ELF Image Totals (compressed)
     64026       3496       9890        144          0          0   ROM Totals

==============================================================================

    Total RO  Size (Code + RO Data)                73916 (  72.18kB)
    Total RW  Size (RW Data + ZI Data)             46796 (  45.70kB)
    Total ROM Size (Code + RO Data + RW Data)      74060 (  72.32kB)

==============================================================================

