<html>
<body>
<pre>
<h1>µVision Build Log</h1>
<h2>Tool Versions:</h2>
IDE-Version: ¦ÌVision V5.15
Copyright (C) 2015 ARM Ltd and ARM Germany GmbH. All rights reserved.
License Information:  ,  , LIC=BL2X7-E7J5L-BVB1G-VMDP3-FB8KW-N8E26
 
Tool Versions:
Toolchain:       MDK-ARM Professional  Version: 5.15.0
Toolchain Path:  E:\KEIL  5\keil_v5\ARM\ARMCC\Bin
C Compiler:      Armcc.exe V5.05 update 2 (build 169)
Assembler:       Armasm.exe V5.05 update 2 (build 169)
Linker/Locator:  ArmLink.exe V5.05 update 2 (build 169)
Library Manager: ArmAr.exe V5.05 update 2 (build 169)
Hex Converter:   FromElf.exe V5.05 update 2 (build 169)
CPU DLL:         SARMCM3.DLL V5.15.0
Dialog DLL:      DCM.DLL V1.13.2.0
Target DLL:      UL2CM3.DLL V1.155.8.0
Dialog DLL:      TCM.DLL V1.14.5.0
 
<h2>Project:</h2>
D:\MCU_Program\STM32\KS\KS\PROJECT\KS.uvprojx
Project File Date:  12/27/2017

<h2>Output:</h2>
*** Using Compiler 'V5.05 update 2 (build 169)', folder: 'E:\KEIL  5\keil_v5\ARM\ARMCC\Bin'
Rebuild target 'KS'
compiling main.c...
..\USER\main.c(51): warning:  #1295-D: Deprecated declaration EXTI_PE4_Config - give arg types
  void EXTI_PE4_Config();
..\USER\main.c(60): warning:  #177-D: variable "key" was declared but never referenced
        u8 key;                                 //??Öµ             
..\USER\main.c: 2 warnings, 0 errors
compiling stm32f10x_it.c...
compiling system_stm32f10x.c...
compiling beep.c...
compiling exti.c...
compiling key.c...
compiling lcd.c...
compiling led.c...
compiling output.c...
compiling ov7670.c...
compiling sccb.c...
compiling rc522.c...
..\HARDWARE\RFID\rc522.c(250): warning:  #223-D: function "memcpy" declared implicitly
      memcpy(&ucComMF522Buf[2], pKey, 6); 
..\HARDWARE\RFID\rc522.c(242): warning:  #177-D: variable "i" was declared but never referenced
      u8   i,ucComMF522Buf[MAXRLEN]; 
..\HARDWARE\RFID\rc522.c(333): warning:  #550-D: variable "status" was set but never used
      u8   status;
..\HARDWARE\RFID\rc522.c: 3 warnings, 0 errors
compiling sdio_sdcard.c...
compiling spi.c...
compiling timer.c...
compiling tpad.c...
compiling w25qxx.c...
compiling delay.c...
compiling sys.c...
compiling usart.c...
compiling core_cm3.c...
assembling startup_stm32f10x_hd.s...
compiling misc.c...
compiling stm32f10x_adc.c...
compiling stm32f10x_bkp.c...
compiling stm32f10x_can.c...
compiling stm32f10x_cec.c...
compiling stm32f10x_crc.c...
compiling stm32f10x_dac.c...
compiling stm32f10x_dbgmcu.c...
compiling stm32f10x_dma.c...
compiling stm32f10x_exti.c...
compiling stm32f10x_flash.c...
compiling stm32f10x_fsmc.c...
compiling stm32f10x_gpio.c...
compiling stm32f10x_i2c.c...
compiling stm32f10x_iwdg.c...
compiling stm32f10x_pwr.c...
compiling stm32f10x_rcc.c...
compiling stm32f10x_rtc.c...
compiling stm32f10x_sdio.c...
compiling stm32f10x_spi.c...
compiling stm32f10x_tim.c...
compiling stm32f10x_usart.c...
compiling stm32f10x_wwdg.c...
compiling malloc.c...
compiling diskio.c...
compiling ff.c...
compiling exfuns.c...
compiling fattester.c...
compiling mycc936.c...
compiling usmart.c...
compiling usmart_config.c...
compiling usmart_str.c...
compiling fontupd.c...
compiling text.c...
compiling bmp.c...
compiling gif.c...
compiling piclib.c...
compiling tjpgd.c...
linking...
Program Size: Code=66338 RO-data=9890 RW-data=548 ZI-data=50376  
".\Objects\KS.axf" - 0 Error(s), 5 Warning(s).

<h2>Collection of Component include folders:</h2>
  D:\MCU_Program\STM32\KS\KS\PROJECT\RTE
  E:\KEIL  5\keil_v5\ARM\PACK\Keil\STM32F1xx_DFP\1.1.0\Device\Include

<h2>Collection of Component Files used:</h2>
</pre>
</body>
</html>
